Archive member included to satisfy reference by file (symbol)

c:/ac6/systemworkbench/plugins/fr.ac6.mcu.externaltools.arm-none.win32_1.17.0.201812190825/tools/compiler/bin/../lib/gcc/arm-none-eabi/7.3.1/../../../../arm-none-eabi/lib/thumb/v7e-m/fpv4-sp/hard\libm.a(lib_a-s_round.o)
                              Src/max2871.o (round)
c:/ac6/systemworkbench/plugins/fr.ac6.mcu.externaltools.arm-none.win32_1.17.0.201812190825/tools/compiler/bin/../lib/gcc/arm-none-eabi/7.3.1/thumb/v7e-m/fpv4-sp/hard\libgcc.a(_arm_addsubdf3.o)
                              Src/ad8319.o (__aeabi_dsub)
c:/ac6/systemworkbench/plugins/fr.ac6.mcu.externaltools.arm-none.win32_1.17.0.201812190825/tools/compiler/bin/../lib/gcc/arm-none-eabi/7.3.1/thumb/v7e-m/fpv4-sp/hard\libgcc.a(_arm_muldivdf3.o)
                              Src/pe43771.o (__aeabi_dmul)
c:/ac6/systemworkbench/plugins/fr.ac6.mcu.externaltools.arm-none.win32_1.17.0.201812190825/tools/compiler/bin/../lib/gcc/arm-none-eabi/7.3.1/thumb/v7e-m/fpv4-sp/hard\libgcc.a(_arm_cmpdf2.o)
                              Src/max2871.o (__aeabi_dcmplt)
c:/ac6/systemworkbench/plugins/fr.ac6.mcu.externaltools.arm-none.win32_1.17.0.201812190825/tools/compiler/bin/../lib/gcc/arm-none-eabi/7.3.1/thumb/v7e-m/fpv4-sp/hard\libgcc.a(_arm_truncdfsf2.o)
                              Src/ad8319.o (__aeabi_d2f)
c:/ac6/systemworkbench/plugins/fr.ac6.mcu.externaltools.arm-none.win32_1.17.0.201812190825/tools/compiler/bin/../lib/gcc/arm-none-eabi/7.3.1/thumb/v7e-m/fpv4-sp/hard\libgcc.a(_aeabi_uldivmod.o)
                              Drivers/STM32F4xx_HAL_Driver/Src/stm32f4xx_hal_rcc.o (__aeabi_uldivmod)
c:/ac6/systemworkbench/plugins/fr.ac6.mcu.externaltools.arm-none.win32_1.17.0.201812190825/tools/compiler/bin/../lib/gcc/arm-none-eabi/7.3.1/thumb/v7e-m/fpv4-sp/hard\libgcc.a(_udivmoddi4.o)
                              c:/ac6/systemworkbench/plugins/fr.ac6.mcu.externaltools.arm-none.win32_1.17.0.201812190825/tools/compiler/bin/../lib/gcc/arm-none-eabi/7.3.1/thumb/v7e-m/fpv4-sp/hard\libgcc.a(_aeabi_uldivmod.o) (__udivmoddi4)
c:/ac6/systemworkbench/plugins/fr.ac6.mcu.externaltools.arm-none.win32_1.17.0.201812190825/tools/compiler/bin/../lib/gcc/arm-none-eabi/7.3.1/thumb/v7e-m/fpv4-sp/hard\libgcc.a(_dvmd_tls.o)
                              c:/ac6/systemworkbench/plugins/fr.ac6.mcu.externaltools.arm-none.win32_1.17.0.201812190825/tools/compiler/bin/../lib/gcc/arm-none-eabi/7.3.1/thumb/v7e-m/fpv4-sp/hard\libgcc.a(_aeabi_uldivmod.o) (__aeabi_ldiv0)
c:/ac6/systemworkbench/plugins/fr.ac6.mcu.externaltools.arm-none.win32_1.17.0.201812190825/tools/compiler/bin/../lib/gcc/arm-none-eabi/7.3.1/../../../../arm-none-eabi/lib/thumb/v7e-m/fpv4-sp/hard\libc_nano.a(lib_a-atof.o)
                              Src/gainBlock.o (atof)
c:/ac6/systemworkbench/plugins/fr.ac6.mcu.externaltools.arm-none.win32_1.17.0.201812190825/tools/compiler/bin/../lib/gcc/arm-none-eabi/7.3.1/../../../../arm-none-eabi/lib/thumb/v7e-m/fpv4-sp/hard\libc_nano.a(lib_a-atoi.o)
                              Src/max2871.o (atoi)
c:/ac6/systemworkbench/plugins/fr.ac6.mcu.externaltools.arm-none.win32_1.17.0.201812190825/tools/compiler/bin/../lib/gcc/arm-none-eabi/7.3.1/../../../../arm-none-eabi/lib/thumb/v7e-m/fpv4-sp/hard\libc_nano.a(lib_a-exit.o)
                              c:/ac6/systemworkbench/plugins/fr.ac6.mcu.externaltools.arm-none.win32_1.17.0.201812190825/tools/compiler/bin/../lib/gcc/arm-none-eabi/7.3.1/../../../../arm-none-eabi/lib/thumb/v7e-m/fpv4-sp/hard/crt0.o (exit)
c:/ac6/systemworkbench/plugins/fr.ac6.mcu.externaltools.arm-none.win32_1.17.0.201812190825/tools/compiler/bin/../lib/gcc/arm-none-eabi/7.3.1/../../../../arm-none-eabi/lib/thumb/v7e-m/fpv4-sp/hard\libc_nano.a(lib_a-impure.o)
                              c:/ac6/systemworkbench/plugins/fr.ac6.mcu.externaltools.arm-none.win32_1.17.0.201812190825/tools/compiler/bin/../lib/gcc/arm-none-eabi/7.3.1/../../../../arm-none-eabi/lib/thumb/v7e-m/fpv4-sp/hard\libc_nano.a(lib_a-exit.o) (_global_impure_ptr)
c:/ac6/systemworkbench/plugins/fr.ac6.mcu.externaltools.arm-none.win32_1.17.0.201812190825/tools/compiler/bin/../lib/gcc/arm-none-eabi/7.3.1/../../../../arm-none-eabi/lib/thumb/v7e-m/fpv4-sp/hard\libc_nano.a(lib_a-init.o)
                              c:/ac6/systemworkbench/plugins/fr.ac6.mcu.externaltools.arm-none.win32_1.17.0.201812190825/tools/compiler/bin/../lib/gcc/arm-none-eabi/7.3.1/../../../../arm-none-eabi/lib/thumb/v7e-m/fpv4-sp/hard/crt0.o (__libc_init_array)
c:/ac6/systemworkbench/plugins/fr.ac6.mcu.externaltools.arm-none.win32_1.17.0.201812190825/tools/compiler/bin/../lib/gcc/arm-none-eabi/7.3.1/../../../../arm-none-eabi/lib/thumb/v7e-m/fpv4-sp/hard\libc_nano.a(lib_a-malloc.o)
                              Middlewares/ST/STM32_USB_Device_Library/Class/CDC/Src/usbd_cdc.o (malloc)
[...]
Memory Configuration

Name             Origin             Length             Attributes
RAM              0x20000000         0x00020000         xrw
CCMRAM           0x10000000         0x00010000         rw
FLASH            0x08000000         0x00100000         xr
*default*        0x00000000         0xffffffff

Linker script and memory map

LOAD c:/ac6/systemworkbench/plugins/fr.ac6.mcu.externaltools.arm-none.win32_1.17.0.201812190825/tools/compiler/bin/../lib/gcc/arm-none-eabi/7.3.1/thumb/v7e-m/fpv4-sp/hard/crti.o
LOAD c:/ac6/systemworkbench/plugins/fr.ac6.mcu.externaltools.arm-none.win32_1.17.0.201812190825/tools/compiler/bin/../lib/gcc/arm-none-eabi/7.3.1/thumb/v7e-m/fpv4-sp/hard/crtbegin.o
LOAD c:/ac6/systemworkbench/plugins/fr.ac6.mcu.externaltools.arm-none.win32_1.17.0.201812190825/tools/compiler/bin/../lib/gcc/arm-none-eabi/7.3.1/../../../../arm-none-eabi/lib/thumb/v7e-m/fpv4-sp/hard/crt0.o
LOAD Drivers/STM32F4xx_HAL_Driver/Src/stm32f4xx_hal.o
LOAD Drivers/STM32F4xx_HAL_Driver/Src/stm32f4xx_hal_adc.o
LOAD Drivers/STM32F4xx_HAL_Driver/Src/stm32f4xx_hal_adc_ex.o
LOAD Drivers/STM32F4xx_HAL_Driver/Src/stm32f4xx_hal_cortex.o
LOAD Drivers/STM32F4xx_HAL_Driver/Src/stm32f4xx_hal_dma.o
LOAD Drivers/STM32F4xx_HAL_Driver/Src/stm32f4xx_hal_dma_ex.o
LOAD Drivers/STM32F4xx_HAL_Driver/Src/stm32f4xx_hal_flash.o
LOAD Drivers/STM32F4xx_HAL_Driver/Src/stm32f4xx_hal_flash_ex.o
LOAD Drivers/STM32F4xx_HAL_Driver/Src/stm32f4xx_hal_flash_ramfunc.o
LOAD Drivers/STM32F4xx_HAL_Driver/Src/stm32f4xx_hal_gpio.o
LOAD Drivers/STM32F4xx_HAL_Driver/Src/stm32f4xx_hal_i2c.o
LOAD Drivers/STM32F4xx_HAL_Driver/Src/stm32f4xx_hal_i2c_ex.o
LOAD Drivers/STM32F4xx_HAL_Driver/Src/stm32f4xx_hal_i2s.o
LOAD Drivers/STM32F4xx_HAL_Driver/Src/stm32f4xx_hal_i2s_ex.o
LOAD Drivers/STM32F4xx_HAL_Driver/Src/stm32f4xx_hal_pcd.o
LOAD Drivers/STM32F4xx_HAL_Driver/Src/stm32f4xx_hal_pcd_ex.o
LOAD Drivers/STM32F4xx_HAL_Driver/Src/stm32f4xx_hal_pwr.o
LOAD Drivers/STM32F4xx_HAL_Driver/Src/stm32f4xx_hal_pwr_ex.o
LOAD Drivers/STM32F4xx_HAL_Driver/Src/stm32f4xx_hal_rcc.o
LOAD Drivers/STM32F4xx_HAL_Driver/Src/stm32f4xx_hal_rcc_ex.o
LOAD Drivers/STM32F4xx_HAL_Driver/Src/stm32f4xx_hal_spi.o
LOAD Drivers/STM32F4xx_HAL_Driver/Src/stm32f4xx_hal_tim.o
LOAD Drivers/STM32F4xx_HAL_Driver/Src/stm32f4xx_hal_tim_ex.o
LOAD Drivers/STM32F4xx_HAL_Driver/Src/stm32f4xx_ll_usb.o
LOAD Middlewares/ST/STM32_USB_Device_Library/Class/CDC/Src/usbd_cdc.o
LOAD Middlewares/ST/STM32_USB_Device_Library/Core/Src/usbd_core.o
LOAD Middlewares/ST/STM32_USB_Device_Library/Core/Src/usbd_ctlreq.o
LOAD Middlewares/ST/STM32_USB_Device_Library/Core/Src/usbd_ioreq.o
LOAD Src/ad8319.o
LOAD Src/adc.o
LOAD Src/dwt_stm32_delay.o
LOAD Src/gainBlock.o
LOAD Src/gpio.o
LOAD Src/i2c.o
LOAD Src/i2s.o
LOAD Src/main.o
LOAD Src/max2871.o
LOAD Src/max2871_registers.o
LOAD Src/pe43771.o
LOAD Src/spi.o
LOAD Src/stm32f4xx_hal_msp.o
LOAD Src/stm32f4xx_it.o
LOAD Src/system_stm32f4xx.o
LOAD Src/usb_device.o
LOAD Src/usbd_cdc_if.o
LOAD Src/usbd_conf.o
LOAD Src/usbd_desc.o
LOAD startup/startup_stm32f407xx.o
LOAD c:/ac6/systemworkbench/plugins/fr.ac6.mcu.externaltools.arm-none.win32_1.17.0.201812190825/tools/compiler/bin/../lib/gcc/arm-none-eabi/7.3.1/../../../../arm-none-eabi/lib/thumb/v7e-m/fpv4-sp/hard\libm.a
START GROUP
LOAD c:/ac6/systemworkbench/plugins/fr.ac6.mcu.externaltools.arm-none.win32_1.17.0.201812190825/tools/compiler/bin/../lib/gcc/arm-none-eabi/7.3.1/thumb/v7e-m/fpv4-sp/hard\libgcc.a
LOAD c:/ac6/systemworkbench/plugins/fr.ac6.mcu.externaltools.arm-none.win32_1.17.0.201812190825/tools/compiler/bin/../lib/gcc/arm-none-eabi/7.3.1/../../../../arm-none-eabi/lib/thumb/v7e-m/fpv4-sp/hard\libc_nano.a
END GROUP
START GROUP
LOAD c:/ac6/systemworkbench/plugins/fr.ac6.mcu.externaltools.arm-none.win32_1.17.0.201812190825/tools/compiler/bin/../lib/gcc/arm-none-eabi/7.3.1/thumb/v7e-m/fpv4-sp/hard\libgcc.a
LOAD c:/ac6/systemworkbench/plugins/fr.ac6.mcu.externaltools.arm-none.win32_1.17.0.201812190825/tools/compiler/bin/../lib/gcc/arm-none-eabi/7.3.1/../../../../arm-none-eabi/lib/thumb/v7e-m/fpv4-sp/hard\libc_nano.a
LOAD c:/ac6/systemworkbench/plugins/fr.ac6.mcu.externaltools.arm-none.win32_1.17.0.201812190825/tools/compiler/bin/../lib/gcc/arm-none-eabi/7.3.1/../../../../arm-none-eabi/lib/thumb/v7e-m/fpv4-sp/hard\libnosys.a
END GROUP
START GROUP
LOAD c:/ac6/systemworkbench/plugins/fr.ac6.mcu.externaltools.arm-none.win32_1.17.0.201812190825/tools/compiler/bin/../lib/gcc/arm-none-eabi/7.3.1/thumb/v7e-m/fpv4-sp/hard\libgcc.a
LOAD c:/ac6/systemworkbench/plugins/fr.ac6.mcu.externaltools.arm-none.win32_1.17.0.201812190825/tools/compiler/bin/../lib/gcc/arm-none-eabi/7.3.1/../../../../arm-none-eabi/lib/thumb/v7e-m/fpv4-sp/hard\libc_nano.a
LOAD c:/ac6/systemworkbench/plugins/fr.ac6.mcu.externaltools.arm-none.win32_1.17.0.201812190825/tools/compiler/bin/../lib/gcc/arm-none-eabi/7.3.1/../../../../arm-none-eabi/lib/thumb/v7e-m/fpv4-sp/hard\libnosys.a
END GROUP
LOAD c:/ac6/systemworkbench/plugins/fr.ac6.mcu.externaltools.arm-none.win32_1.17.0.201812190825/tools/compiler/bin/../lib/gcc/arm-none-eabi/7.3.1/thumb/v7e-m/fpv4-sp/hard/crtend.o
LOAD c:/ac6/systemworkbench/plugins/fr.ac6.mcu.externaltools.arm-none.win32_1.17.0.201812190825/tools/compiler/bin/../lib/gcc/arm-none-eabi/7.3.1/thumb/v7e-m/fpv4-sp/hard/crtn.o
                0x20020000                _estack = 0x20020000
                0x00000200                _Min_Heap_Size = 0x200
                0x00000400                _Min_Stack_Size = 0x400

.isr_vector     0x08000000      0x188
                0x08000000                . = ALIGN (0x4)
 *(.isr_vector)
 .isr_vector    0x08000000      0x188 startup/startup_stm32f407xx.o
                0x08000000                g_pfnVectors
                0x08000188                . = ALIGN (0x4)

.text           0x08000188     0x9274
                0x08000188                . = ALIGN (0x4)
 *(.text)
 .text          0x08000188       0x40 c:/ac6/systemworkbench/plugins/fr.ac6.mcu.externaltools.arm-none.win32_1.17.0.201812190825/tools/compiler/bin/../lib/gcc/arm-none-eabi/7.3.1/thumb/v7e-m/fpv4-sp/hard/crtbegin.o
 .text          0x080001c8      0x378 c:/ac6/systemworkbench/plugins/fr.ac6.mcu.externaltools.arm-none.win32_1.17.0.201812190825/tools/compiler/bin/../lib/gcc/arm-none-eabi/7.3.1/thumb/v7e-m/fpv4-sp/hard\libgcc.a(_arm_addsubdf3.o)
                0x080001c8                __aeabi_drsub
                0x080001d0                __aeabi_dsub
                0x080001d0                __subdf3
                0x080001d4                __aeabi_dadd
                0x080001d4                __adddf3
                0x0800044c                __floatunsidf
                0x0800044c                __aeabi_ui2d
                0x0800046c                __floatsidf
                0x0800046c                __aeabi_i2d
                0x08000490                __aeabi_f2d
                0x08000490                __extendsfdf2
                0x080004d4                __floatundidf
                0x080004d4                __aeabi_ul2d
                0x080004e4                __floatdidf
                0x080004e4                __aeabi_l2d
 .text          0x08000540      0x424 c:/ac6/systemworkbench/plugins/fr.ac6.mcu.externaltools.arm-none.win32_1.17.0.201812190825/tools/compiler/bin/../lib/gcc/arm-none-eabi/7.3.1/thumb/v7e-m/fpv4-sp/hard\libgcc.a(_arm_muldivdf3.o)
                0x08000540                __aeabi_dmul
                0x08000540                __muldf3
                0x08000794                __divdf3
                0x08000794                __aeabi_ddiv
 .text          0x08000964      0x110 c:/ac6/systemworkbench/plugins/fr.ac6.mcu.externaltools.arm-none.win32_1.17.0.201812190825/tools/compiler/bin/../lib/gcc/arm-none-eabi/7.3.1/thumb/v7e-m/fpv4-sp/hard\libgcc.a(_arm_cmpdf2.o)
                0x08000964                __gtdf2
                0x08000964                __gedf2
                0x0800096c                __ltdf2
                0x0800096c                __ledf2
                0x08000974                __nedf2
                0x08000974                __eqdf2
                0x08000974                __cmpdf2
                0x080009f0                __aeabi_cdrcmple
                0x08000a00                __aeabi_cdcmpeq
                0x08000a00                __aeabi_cdcmple
                0x08000a10                __aeabi_dcmpeq
                0x08000a24                __aeabi_dcmplt
                0x08000a38                __aeabi_dcmple
                0x08000a4c                __aeabi_dcmpge
                0x08000a60                __aeabi_dcmpgt
 .text          0x08000a74       0xa0 c:/ac6/systemworkbench/plugins/fr.ac6.mcu.externaltools.arm-none.win32_1.17.0.201812190825/tools/compiler/bin/../lib/gcc/arm-none-eabi/7.3.1/thumb/v7e-m/fpv4-sp/hard\libgcc.a(_arm_truncdfsf2.o)
                0x08000a74                __truncdfsf2
                0x08000a74                __aeabi_d2f
 .text          0x08000b14       0x30 c:/ac6/systemworkbench/plugins/fr.ac6.mcu.externaltools.arm-none.win32_1.17.0.201812190825/tools/compiler/bin/../lib/gcc/arm-none-eabi/7.3.1/thumb/v7e-m/fpv4-sp/hard\libgcc.a(_aeabi_uldivmod.o)
                0x08000b14                __aeabi_uldivmod
 .text          0x08000b44      0x2cc c:/ac6/systemworkbench/plugins/fr.ac6.mcu.externaltools.arm-none.win32_1.17.0.201812190825/tools/compiler/bin/../lib/gcc/arm-none-eabi/7.3.1/thumb/v7e-m/fpv4-sp/hard\libgcc.a(_udivmoddi4.o)
                0x08000b44                __udivmoddi4
 .text          0x08000e10        0x4 c:/ac6/systemworkbench/plugins/fr.ac6.mcu.externaltools.arm-none.win32_1.17.0.201812190825/tools/compiler/bin/../lib/gcc/arm-none-eabi/7.3.1/thumb/v7e-m/fpv4-sp/hard\libgcc.a(_dvmd_tls.o)
                0x08000e10                __aeabi_idiv0
                0x08000e10                __aeabi_ldiv0
 .text          0x08000e14       0x14 c:/ac6/systemworkbench/plugins/fr.ac6.mcu.externaltools.arm-none.win32_1.17.0.201812190825/tools/compiler/bin/../lib/gcc/arm-none-eabi/7.3.1/../../../../arm-none-eabi/lib/thumb/v7e-m/fpv4-sp/hard\libc_nano.a(lib_a-strcmp.o)
                0x08000e14                strcmp
 .text          0x08000e28       0x10 c:/ac6/systemworkbench/plugins/fr.ac6.mcu.externaltools.arm-none.win32_1.17.0.201812190825/tools/compiler/bin/../lib/gcc/arm-none-eabi/7.3.1/../../../../arm-none-eabi/lib/thumb/v7e-m/fpv4-sp/hard\libc_nano.a(lib_a-strlen.o)
                0x08000e28                strlen
 .text          0x08000e38       0x2c c:/ac6/systemworkbench/plugins/fr.ac6.mcu.externaltools.arm-none.win32_1.17.0.201812190825/tools/compiler/bin/../lib/gcc/arm-none-eabi/7.3.1/thumb/v7e-m/fpv4-sp/hard\libgcc.a(_arm_unorddf2.o)
                0x08000e38                __unorddf2
                0x08000e38                __aeabi_dcmpun
 .text          0x08000e64       0x50 c:/ac6/systemworkbench/plugins/fr.ac6.mcu.externaltools.arm-none.win32_1.17.0.201812190825/tools/compiler/bin/../lib/gcc/arm-none-eabi/7.3.1/thumb/v7e-m/fpv4-sp/hard\libgcc.a(_arm_fixdfsi.o)
                0x08000e64                __aeabi_d2iz
                0x08000e64                __fixdfsi
 .text          0x08000eb4       0x40 c:/ac6/systemworkbench/plugins/fr.ac6.mcu.externaltools.arm-none.win32_1.17.0.201812190825/tools/compiler/bin/../lib/gcc/arm-none-eabi/7.3.1/thumb/v7e-m/fpv4-sp/hard\libgcc.a(_arm_fixunsdfsi.o)
                0x08000eb4                __aeabi_d2uiz
                0x08000eb4                __fixunsdfsi
 *(.text*)
 .text.HAL_InitTick
                0x08000ef4       0x48 Drivers/STM32F4xx_HAL_Driver/Src/stm32f4xx_hal.o
                0x08000ef4                HAL_InitTick
 .text.HAL_Init
                0x08000f3c       0x34 Drivers/STM32F4xx_HAL_Driver/Src/stm32f4xx_hal.o
                0x08000f3c                HAL_Init
 .text.HAL_IncTick
                0x08000f70       0x18 Drivers/STM32F4xx_HAL_Driver/Src/stm32f4xx_hal.o
                0x08000f70                HAL_IncTick
 .text.HAL_GetTick
                0x08000f88        0xc Drivers/STM32F4xx_HAL_Driver/Src/stm32f4xx_hal.o
                0x08000f88                HAL_GetTick
 .text.HAL_Delay
                0x08000f94       0x28 Drivers/STM32F4xx_HAL_Driver/Src/stm32f4xx_hal.o
                0x08000f94                HAL_Delay
 .text.ADC_Init
                0x08000fbc      0x130 Drivers/STM32F4xx_HAL_Driver/Src/stm32f4xx_hal_adc.o
 .text.HAL_ADC_Init
                0x080010ec       0x54 Drivers/STM32F4xx_HAL_Driver/Src/stm32f4xx_hal_adc.o
                0x080010ec                HAL_ADC_Init
 .text.HAL_ADC_Start
                0x08001140       0xf8 Drivers/STM32F4xx_HAL_Driver/Src/stm32f4xx_hal_adc.o
                0x08001140                HAL_ADC_Start
 .text.HAL_ADC_ConfigChannel
                0x08001238      0x190 Drivers/STM32F4xx_HAL_Driver/Src/stm32f4xx_hal_adc.o
                0x08001238                HAL_ADC_ConfigChannel
 .text.HAL_NVIC_SetPriorityGrouping
                0x080013c8       0x24 Drivers/STM32F4xx_HAL_Driver/Src/stm32f4xx_hal_cortex.o
                0x080013c8                HAL_NVIC_SetPriorityGrouping
 .text.HAL_NVIC_SetPriority
                0x080013ec       0x68 Drivers/STM32F4xx_HAL_Driver/Src/stm32f4xx_hal_cortex.o
                0x080013ec                HAL_NVIC_SetPriority
 .text.HAL_NVIC_EnableIRQ
                0x08001454       0x18 Drivers/STM32F4xx_HAL_Driver/Src/stm32f4xx_hal_cortex.o
                0x08001454                HAL_NVIC_EnableIRQ
 .text.HAL_SYSTICK_Config
                0x0800146c       0x2c Drivers/STM32F4xx_HAL_Driver/Src/stm32f4xx_hal_cortex.o
                0x0800146c                HAL_SYSTICK_Config
 .text.HAL_GPIO_Init
                0x08001498      0x1c8 Drivers/STM32F4xx_HAL_Driver/Src/stm32f4xx_hal_gpio.o
                0x08001498                HAL_GPIO_Init
 .text.HAL_GPIO_ReadPin
                0x08001660        0xe Drivers/STM32F4xx_HAL_Driver/Src/stm32f4xx_hal_gpio.o
                0x08001660                HAL_GPIO_ReadPin
 .text.HAL_GPIO_WritePin
                0x0800166e        0xc Drivers/STM32F4xx_HAL_Driver/Src/stm32f4xx_hal_gpio.o
                0x0800166e                HAL_GPIO_WritePin
 .text.HAL_GPIO_TogglePin
                0x0800167a        0x8 Drivers/STM32F4xx_HAL_Driver/Src/stm32f4xx_hal_gpio.o
                0x0800167a                HAL_GPIO_TogglePin
 *fill*         0x08001682        0x2 
 .text.HAL_I2C_Init
                0x08001684      0x11c Drivers/STM32F4xx_HAL_Driver/Src/stm32f4xx_hal_i2c.o
                0x08001684                HAL_I2C_Init
 .text.HAL_I2S_TxCpltCallback
                0x080017a0        0x2 Drivers/STM32F4xx_HAL_Driver/Src/stm32f4xx_hal_i2s.o
                0x080017a0                HAL_I2S_TxCpltCallback
 .text.I2S_Transmit_IT
                0x080017a2       0x38 Drivers/STM32F4xx_HAL_Driver/Src/stm32f4xx_hal_i2s.o
 .text.HAL_I2S_RxCpltCallback
                0x080017da        0x2 Drivers/STM32F4xx_HAL_Driver/Src/stm32f4xx_hal_i2s.o
                0x080017da                HAL_I2S_RxCpltCallback
 .text.I2S_Receive_IT
                0x080017dc       0x38 Drivers/STM32F4xx_HAL_Driver/Src/stm32f4xx_hal_i2s.o
 .text.HAL_I2S_ErrorCallback
                0x08001814        0x2 Drivers/STM32F4xx_HAL_Driver/Src/stm32f4xx_hal_i2s.o
                0x08001814                HAL_I2S_ErrorCallback
 *fill*         0x08001816        0x2 
 .text.HAL_I2S_Init
                0x08001818      0x194 Drivers/STM32F4xx_HAL_Driver/Src/stm32f4xx_hal_i2s.o
                0x08001818                HAL_I2S_Init
 .text.I2S_IRQHandler
                0x080019ac       0xd8 Drivers/STM32F4xx_HAL_Driver/Src/stm32f4xx_hal_i2s.o
 .text.HAL_I2SEx_TxRxCpltCallback
                0x08001a84        0x2 Drivers/STM32F4xx_HAL_Driver/Src/stm32f4xx_hal_i2s_ex.o
                0x08001a84                HAL_I2SEx_TxRxCpltCallback
 *fill*         0x08001a86        0x2 
 .text.I2SEx_FullDuplexTx_IT
                0x08001a88       0xa0 Drivers/STM32F4xx_HAL_Driver/Src/stm32f4xx_hal_i2s_ex.o
 .text.I2SEx_FullDuplexRx_IT
                0x08001b28       0xa0 Drivers/STM32F4xx_HAL_Driver/Src/stm32f4xx_hal_i2s_ex.o
 .text.HAL_I2SEx_FullDuplex_IRQHandler
                0x08001bc8      0x208 Drivers/STM32F4xx_HAL_Driver/Src/stm32f4xx_hal_i2s_ex.o
                0x08001bc8                HAL_I2SEx_FullDuplex_IRQHandler
 .text.PCD_WriteEmptyTxFifo
                0x08001dd0       0xac Drivers/STM32F4xx_HAL_Driver/Src/stm32f4xx_hal_pcd.o
 .text.HAL_PCD_Init
                0x08001e7c       0xe0 Drivers/STM32F4xx_HAL_Driver/Src/stm32f4xx_hal_pcd.o
                0x08001e7c                HAL_PCD_Init
 .text.HAL_PCD_Start
                0x08001f5c       0x2a Drivers/STM32F4xx_HAL_Driver/Src/stm32f4xx_hal_pcd.o
                0x08001f5c                HAL_PCD_Start
 *fill*         0x08001f86        0x2 
 .text.HAL_PCD_IRQHandler
                0x08001f88      0x5c4 Drivers/STM32F4xx_HAL_Driver/Src/stm32f4xx_hal_pcd.o
                0x08001f88                HAL_PCD_IRQHandler
 .text.HAL_PCD_SetAddress
                0x0800254c       0x24 Drivers/STM32F4xx_HAL_Driver/Src/stm32f4xx_hal_pcd.o
                0x0800254c                HAL_PCD_SetAddress
 .text.HAL_PCD_EP_Open
                0x08002570       0x68 Drivers/STM32F4xx_HAL_Driver/Src/stm32f4xx_hal_pcd.o
                0x08002570                HAL_PCD_EP_Open
 .text.HAL_PCD_EP_Close
                0x080025d8       0x56 Drivers/STM32F4xx_HAL_Driver/Src/stm32f4xx_hal_pcd.o
                0x080025d8                HAL_PCD_EP_Close
 .text.HAL_PCD_EP_Receive
                0x0800262e       0x5a Drivers/STM32F4xx_HAL_Driver/Src/stm32f4xx_hal_pcd.o
                0x0800262e                HAL_PCD_EP_Receive
 .text.HAL_PCD_EP_GetRxCount
                0x08002688       0x12 Drivers/STM32F4xx_HAL_Driver/Src/stm32f4xx_hal_pcd.o
                0x08002688                HAL_PCD_EP_GetRxCount
 .text.HAL_PCD_EP_Transmit
                0x0800269a       0x52 Drivers/STM32F4xx_HAL_Driver/Src/stm32f4xx_hal_pcd.o
                0x0800269a                HAL_PCD_EP_Transmit
 .text.HAL_PCD_EP_SetStall
                0x080026ec       0x66 Drivers/STM32F4xx_HAL_Driver/Src/stm32f4xx_hal_pcd.o
                0x080026ec                HAL_PCD_EP_SetStall
 .text.HAL_PCD_EP_ClrStall
                0x08002752       0x56 Drivers/STM32F4xx_HAL_Driver/Src/stm32f4xx_hal_pcd.o
                0x08002752                HAL_PCD_EP_ClrStall
 .text.HAL_PCDEx_SetTxFiFo
                0x080027a8       0x48 Drivers/STM32F4xx_HAL_Driver/Src/stm32f4xx_hal_pcd_ex.o
                0x080027a8                HAL_PCDEx_SetTxFiFo
 .text.HAL_PCDEx_SetRxFiFo
                0x080027f0        0x8 Drivers/STM32F4xx_HAL_Driver/Src/stm32f4xx_hal_pcd_ex.o
                0x080027f0                HAL_PCDEx_SetRxFiFo
 .text.HAL_RCC_OscConfig
                0x080027f8      0x398 Drivers/STM32F4xx_HAL_Driver/Src/stm32f4xx_hal_rcc.o
                0x080027f8                HAL_RCC_OscConfig
 .text.HAL_RCC_GetSysClockFreq
                0x08002b90       0xd8 Drivers/STM32F4xx_HAL_Driver/Src/stm32f4xx_hal_rcc.o
                0x08002b90                HAL_RCC_GetSysClockFreq
 .text.HAL_RCC_ClockConfig
                0x08002c68      0x158 Drivers/STM32F4xx_HAL_Driver/Src/stm32f4xx_hal_rcc.o
                0x08002c68                HAL_RCC_ClockConfig
 .text.HAL_RCC_GetHCLKFreq
                0x08002dc0        0xc Drivers/STM32F4xx_HAL_Driver/Src/stm32f4xx_hal_rcc.o
                0x08002dc0                HAL_RCC_GetHCLKFreq
 .text.HAL_RCC_GetPCLK1Freq
                0x08002dcc       0x20 Drivers/STM32F4xx_HAL_Driver/Src/stm32f4xx_hal_rcc.o
                0x08002dcc                HAL_RCC_GetPCLK1Freq
 .text.HAL_RCCEx_PeriphCLKConfig
                0x08002dec      0x154 Drivers/STM32F4xx_HAL_Driver/Src/stm32f4xx_hal_rcc_ex.o
                0x08002dec                HAL_RCCEx_PeriphCLKConfig
 .text.HAL_RCCEx_GetPeriphCLKFreq
                0x08002f40       0x74 Drivers/STM32F4xx_HAL_Driver/Src/stm32f4xx_hal_rcc_ex.o
                0x08002f40                HAL_RCCEx_GetPeriphCLKFreq
 .text.SPI_WaitFlagStateUntilTimeout
                0x08002fb4       0x96 Drivers/STM32F4xx_HAL_Driver/Src/stm32f4xx_hal_spi.o
 .text.SPI_CheckFlag_BSY
                0x0800304a       0x28 Drivers/STM32F4xx_HAL_Driver/Src/stm32f4xx_hal_spi.o
 .text.HAL_SPI_Init
                0x08003072       0x80 Drivers/STM32F4xx_HAL_Driver/Src/stm32f4xx_hal_spi.o
                0x08003072                HAL_SPI_Init
 .text.HAL_SPI_Transmit
                0x080030f2      0x1a6 Drivers/STM32F4xx_HAL_Driver/Src/stm32f4xx_hal_spi.o
                0x080030f2                HAL_SPI_Transmit
 .text.HAL_SPI_GetState
                0x08003298        0x6 Drivers/STM32F4xx_HAL_Driver/Src/stm32f4xx_hal_spi.o
                0x08003298                HAL_SPI_GetState
 .text.USB_CoreInit
                0x0800329e       0x7c Drivers/STM32F4xx_HAL_Driver/Src/stm32f4xx_ll_usb.o
                0x0800329e                USB_CoreInit
 .text.USB_EnableGlobalInt
                0x0800331a        0xc Drivers/STM32F4xx_HAL_Driver/Src/stm32f4xx_ll_usb.o
                0x0800331a                USB_EnableGlobalInt
 .text.USB_DisableGlobalInt
                0x08003326        0xc Drivers/STM32F4xx_HAL_Driver/Src/stm32f4xx_ll_usb.o
                0x08003326                USB_DisableGlobalInt
 .text.USB_SetCurrentMode
                0x08003332       0x2c Drivers/STM32F4xx_HAL_Driver/Src/stm32f4xx_ll_usb.o
                0x08003332                USB_SetCurrentMode
 *fill*         0x0800335e        0x2 
 .text.USB_DevInit
                0x08003360      0x150 Drivers/STM32F4xx_HAL_Driver/Src/stm32f4xx_ll_usb.o
                0x08003360                USB_DevInit
 .text.USB_FlushTxFifo
                0x080034b0       0x28 Drivers/STM32F4xx_HAL_Driver/Src/stm32f4xx_ll_usb.o
                0x080034b0                USB_FlushTxFifo
 .text.USB_FlushRxFifo
                0x080034d8       0x24 Drivers/STM32F4xx_HAL_Driver/Src/stm32f4xx_ll_usb.o
                0x080034d8                USB_FlushRxFifo
 .text.USB_SetDevSpeed
                0x080034fc        0xe Drivers/STM32F4xx_HAL_Driver/Src/stm32f4xx_ll_usb.o
                0x080034fc                USB_SetDevSpeed
 .text.USB_GetDevSpeed
                0x0800350a       0x40 Drivers/STM32F4xx_HAL_Driver/Src/stm32f4xx_ll_usb.o
                0x0800350a                USB_GetDevSpeed
 .text.USB_ActivateEndpoint
                0x0800354a       0x92 Drivers/STM32F4xx_HAL_Driver/Src/stm32f4xx_ll_usb.o
                0x0800354a                USB_ActivateEndpoint
 .text.USB_DeactivateEndpoint
                0x080035dc       0xf0 Drivers/STM32F4xx_HAL_Driver/Src/stm32f4xx_ll_usb.o
                0x080035dc                USB_DeactivateEndpoint
 .text.USB_EPStartXfer
                0x080036cc      0x264 Drivers/STM32F4xx_HAL_Driver/Src/stm32f4xx_ll_usb.o
                0x080036cc                USB_EPStartXfer
 .text.USB_EP0StartXfer
                0x08003930      0x160 Drivers/STM32F4xx_HAL_Driver/Src/stm32f4xx_ll_usb.o
                0x08003930                USB_EP0StartXfer
 .text.USB_WritePacket
                0x08003a90       0x28 Drivers/STM32F4xx_HAL_Driver/Src/stm32f4xx_ll_usb.o
                0x08003a90                USB_WritePacket
 .text.USB_ReadPacket
                0x08003ab8       0x28 Drivers/STM32F4xx_HAL_Driver/Src/stm32f4xx_ll_usb.o
                0x08003ab8                USB_ReadPacket
 .text.USB_EPSetStall
                0x08003ae0       0x64 Drivers/STM32F4xx_HAL_Driver/Src/stm32f4xx_ll_usb.o
                0x08003ae0                USB_EPSetStall
 .text.USB_EPClearStall
                0x08003b44       0x6a Drivers/STM32F4xx_HAL_Driver/Src/stm32f4xx_ll_usb.o
                0x08003b44                USB_EPClearStall
 .text.USB_SetDevAddress
                0x08003bae       0x20 Drivers/STM32F4xx_HAL_Driver/Src/stm32f4xx_ll_usb.o
                0x08003bae                USB_SetDevAddress
 .text.USB_DevConnect
                0x08003bce       0x18 Drivers/STM32F4xx_HAL_Driver/Src/stm32f4xx_ll_usb.o
                0x08003bce                USB_DevConnect
 .text.USB_DevDisconnect
                0x08003be6       0x18 Drivers/STM32F4xx_HAL_Driver/Src/stm32f4xx_ll_usb.o
                0x08003be6                USB_DevDisconnect
 .text.USB_ReadInterrupts
                0x08003bfe        0x8 Drivers/STM32F4xx_HAL_Driver/Src/stm32f4xx_ll_usb.o
                0x08003bfe                USB_ReadInterrupts
 .text.USB_ReadDevAllOutEpInterrupt
                0x08003c06       0x10 Drivers/STM32F4xx_HAL_Driver/Src/stm32f4xx_ll_usb.o
                0x08003c06                USB_ReadDevAllOutEpInterrupt
 .text.USB_ReadDevAllInEpInterrupt
                0x08003c16       0x10 Drivers/STM32F4xx_HAL_Driver/Src/stm32f4xx_ll_usb.o
                0x08003c16                USB_ReadDevAllInEpInterrupt
 .text.USB_ReadDevOutEPInterrupt
                0x08003c26       0x12 Drivers/STM32F4xx_HAL_Driver/Src/stm32f4xx_ll_usb.o
                0x08003c26                USB_ReadDevOutEPInterrupt
 .text.USB_ReadDevInEPInterrupt
                0x08003c38       0x24 Drivers/STM32F4xx_HAL_Driver/Src/stm32f4xx_ll_usb.o
                0x08003c38                USB_ReadDevInEPInterrupt
 .text.USB_GetMode
                0x08003c5c        0x8 Drivers/STM32F4xx_HAL_Driver/Src/stm32f4xx_ll_usb.o
                0x08003c5c                USB_GetMode
 .text.USB_ActivateSetup
                0x08003c64       0x38 Drivers/STM32F4xx_HAL_Driver/Src/stm32f4xx_ll_usb.o
                0x08003c64                USB_ActivateSetup
 .text.USB_EP0_OutStart
                0x08003c9c       0x46 Drivers/STM32F4xx_HAL_Driver/Src/stm32f4xx_ll_usb.o
                0x08003c9c                USB_EP0_OutStart
 *fill*         0x08003ce2        0x2 
 .text.USB_CoreReset
                0x08003ce4       0x3c Drivers/STM32F4xx_HAL_Driver/Src/stm32f4xx_ll_usb.o
 .text.USBD_CDC_DataIn
                0x08003d20       0x12 Middlewares/ST/STM32_USB_Device_Library/Class/CDC/Src/usbd_cdc.o
 .text.USBD_CDC_EP0_RxReady
                0x08003d32       0x28 Middlewares/ST/STM32_USB_Device_Library/Class/CDC/Src/usbd_cdc.o
 *fill*         0x08003d5a        0x2 
 .text.USBD_CDC_GetFSCfgDesc
                0x08003d5c        0xc Middlewares/ST/STM32_USB_Device_Library/Class/CDC/Src/usbd_cdc.o
 .text.USBD_CDC_GetHSCfgDesc
                0x08003d68        0xc Middlewares/ST/STM32_USB_Device_Library/Class/CDC/Src/usbd_cdc.o
 .text.USBD_CDC_GetOtherSpeedCfgDesc
                0x08003d74        0xc Middlewares/ST/STM32_USB_Device_Library/Class/CDC/Src/usbd_cdc.o
 .text.USBD_CDC_GetDeviceQualifierDescriptor
                0x08003d80        0xc Middlewares/ST/STM32_USB_Device_Library/Class/CDC/Src/usbd_cdc.o
                0x08003d80                USBD_CDC_GetDeviceQualifierDescriptor
 .text.USBD_CDC_DataOut
                0x08003d8c       0x2e Middlewares/ST/STM32_USB_Device_Library/Class/CDC/Src/usbd_cdc.o
 *fill*         0x08003dba        0x2 
 .text.USBD_CDC_Setup
                0x08003dbc       0x74 Middlewares/ST/STM32_USB_Device_Library/Class/CDC/Src/usbd_cdc.o
 .text.USBD_CDC_DeInit
                0x08003e30       0x3a Middlewares/ST/STM32_USB_Device_Library/Class/CDC/Src/usbd_cdc.o
 .text.USBD_CDC_Init
                0x08003e6a       0x96 Middlewares/ST/STM32_USB_Device_Library/Class/CDC/Src/usbd_cdc.o
 .text.USBD_CDC_RegisterInterface
                0x08003f00        0xe Middlewares/ST/STM32_USB_Device_Library/Class/CDC/Src/usbd_cdc.o
                0x08003f00                USBD_CDC_RegisterInterface
 .text.USBD_CDC_SetTxBuffer
                0x08003f0e       0x10 Middlewares/ST/STM32_USB_Device_Library/Class/CDC/Src/usbd_cdc.o
                0x08003f0e                USBD_CDC_SetTxBuffer
 .text.USBD_CDC_SetRxBuffer
                0x08003f1e        0xc Middlewares/ST/STM32_USB_Device_Library/Class/CDC/Src/usbd_cdc.o
                0x08003f1e                USBD_CDC_SetRxBuffer
 .text.USBD_CDC_TransmitPacket
                0x08003f2a       0x2e Middlewares/ST/STM32_USB_Device_Library/Class/CDC/Src/usbd_cdc.o
                0x08003f2a                USBD_CDC_TransmitPacket
 .text.USBD_CDC_ReceivePacket
                0x08003f58       0x32 Middlewares/ST/STM32_USB_Device_Library/Class/CDC/Src/usbd_cdc.o
                0x08003f58                USBD_CDC_ReceivePacket
 .text.USBD_Init
                0x08003f8a       0x2e Middlewares/ST/STM32_USB_Device_Library/Core/Src/usbd_core.o
                0x08003f8a                USBD_Init
 .text.USBD_RegisterClass
                0x08003fb8        0xe Middlewares/ST/STM32_USB_Device_Library/Core/Src/usbd_core.o
                0x08003fb8                USBD_RegisterClass
 .text.USBD_Start
                0x08003fc6        0xa Middlewares/ST/STM32_USB_Device_Library/Core/Src/usbd_core.o
                0x08003fc6                USBD_Start
 .text.USBD_SetClassConfig
                0x08003fd0       0x1a Middlewares/ST/STM32_USB_Device_Library/Core/Src/usbd_core.o
                0x08003fd0                USBD_SetClassConfig
 .text.USBD_ClrClassConfig
                0x08003fea        0xe Middlewares/ST/STM32_USB_Device_Library/Core/Src/usbd_core.o
                0x08003fea                USBD_ClrClassConfig
 .text.USBD_LL_SetupStage
                0x08003ff8       0x5a Middlewares/ST/STM32_USB_Device_Library/Core/Src/usbd_core.o
                0x08003ff8                USBD_LL_SetupStage
 .text.USBD_LL_DataOutStage
                0x08004052       0x6a Middlewares/ST/STM32_USB_Device_Library/Core/Src/usbd_core.o
                0x08004052                USBD_LL_DataOutStage
 .text.USBD_LL_DataInStage
                0x080040bc       0xb0 Middlewares/ST/STM32_USB_Device_Library/Core/Src/usbd_core.o
                0x080040bc                USBD_LL_DataInStage
 .text.USBD_LL_Reset
                0x0800416c       0x3e Middlewares/ST/STM32_USB_Device_Library/Core/Src/usbd_core.o
                0x0800416c                USBD_LL_Reset
 .text.USBD_LL_SetSpeed
                0x080041aa        0x6 Middlewares/ST/STM32_USB_Device_Library/Core/Src/usbd_core.o
                0x080041aa                USBD_LL_SetSpeed
 .text.USBD_LL_Suspend
                0x080041b0       0x12 Middlewares/ST/STM32_USB_Device_Library/Core/Src/usbd_core.o
                0x080041b0                USBD_LL_Suspend
 .text.USBD_LL_Resume
                0x080041c2        0xc Middlewares/ST/STM32_USB_Device_Library/Core/Src/usbd_core.o
                0x080041c2                USBD_LL_Resume
 .text.USBD_LL_SOF
                0x080041ce       0x1c Middlewares/ST/STM32_USB_Device_Library/Core/Src/usbd_core.o
                0x080041ce                USBD_LL_SOF
 .text.USBD_LL_IsoINIncomplete
                0x080041ea        0x4 Middlewares/ST/STM32_USB_Device_Library/Core/Src/usbd_core.o
                0x080041ea                USBD_LL_IsoINIncomplete
 .text.USBD_LL_IsoOUTIncomplete
                0x080041ee        0x4 Middlewares/ST/STM32_USB_Device_Library/Core/Src/usbd_core.o
                0x080041ee                USBD_LL_IsoOUTIncomplete
 .text.USBD_LL_DevConnected
                0x080041f2        0x4 Middlewares/ST/STM32_USB_Device_Library/Core/Src/usbd_core.o
                0x080041f2                USBD_LL_DevConnected
 .text.USBD_LL_DevDisconnected
                0x080041f6       0x16 Middlewares/ST/STM32_USB_Device_Library/Core/Src/usbd_core.o
                0x080041f6                USBD_LL_DevDisconnected
 .text.USBD_GetLen
                0x0800420c       0x14 Middlewares/ST/STM32_USB_Device_Library/Core/Src/usbd_ctlreq.o
 .text.USBD_SetFeature
                0x08004220       0x20 Middlewares/ST/STM32_USB_Device_Library/Core/Src/usbd_ctlreq.o
 .text.USBD_ParseSetupRequest
                0x08004240       0x28 Middlewares/ST/STM32_USB_Device_Library/Core/Src/usbd_ctlreq.o
                0x08004240                USBD_ParseSetupRequest
 .text.USBD_CtlError
                0x08004268       0x14 Middlewares/ST/STM32_USB_Device_Library/Core/Src/usbd_ctlreq.o
                0x08004268                USBD_CtlError
 .text.USBD_GetDescriptor
                0x0800427c      0x132 Middlewares/ST/STM32_USB_Device_Library/Core/Src/usbd_ctlreq.o
 .text.USBD_SetAddress
                0x080043ae       0x4a Middlewares/ST/STM32_USB_Device_Library/Core/Src/usbd_ctlreq.o
 .text.USBD_SetConfig
                0x080043f8       0xa4 Middlewares/ST/STM32_USB_Device_Library/Core/Src/usbd_ctlreq.o
 .text.USBD_GetConfig
                0x0800449c       0x3a Middlewares/ST/STM32_USB_Device_Library/Core/Src/usbd_ctlreq.o
 .text.USBD_GetStatus
                0x080044d6       0x2c Middlewares/ST/STM32_USB_Device_Library/Core/Src/usbd_ctlreq.o
 .text.USBD_ClrFeature
                0x08004502       0x30 Middlewares/ST/STM32_USB_Device_Library/Core/Src/usbd_ctlreq.o
 .text.USBD_StdDevReq
                0x08004532       0x48 Middlewares/ST/STM32_USB_Device_Library/Core/Src/usbd_ctlreq.o
                0x08004532                USBD_StdDevReq
 .text.USBD_StdItfReq
                0x0800457a       0x38 Middlewares/ST/STM32_USB_Device_Library/Core/Src/usbd_ctlreq.o
                0x0800457a                USBD_StdItfReq
 .text.USBD_StdEPReq
                0x080045b2      0x118 Middlewares/ST/STM32_USB_Device_Library/Core/Src/usbd_ctlreq.o
                0x080045b2                USBD_StdEPReq
 .text.USBD_GetString
                0x080046ca       0x3a Middlewares/ST/STM32_USB_Device_Library/Core/Src/usbd_ctlreq.o
                0x080046ca                USBD_GetString
 .text.USBD_CtlSendData
                0x08004704       0x1a Middlewares/ST/STM32_USB_Device_Library/Core/Src/usbd_ioreq.o
                0x08004704                USBD_CtlSendData
 .text.USBD_CtlContinueSendData
                0x0800471e       0x10 Middlewares/ST/STM32_USB_Device_Library/Core/Src/usbd_ioreq.o
                0x0800471e                USBD_CtlContinueSendData
 .text.USBD_CtlPrepareRx
                0x0800472e       0x1e Middlewares/ST/STM32_USB_Device_Library/Core/Src/usbd_ioreq.o
                0x0800472e                USBD_CtlPrepareRx
 .text.USBD_CtlContinueRx
                0x0800474c       0x10 Middlewares/ST/STM32_USB_Device_Library/Core/Src/usbd_ioreq.o
                0x0800474c                USBD_CtlContinueRx
 .text.USBD_CtlSendStatus
                0x0800475c       0x16 Middlewares/ST/STM32_USB_Device_Library/Core/Src/usbd_ioreq.o
                0x0800475c                USBD_CtlSendStatus
 .text.USBD_CtlReceiveStatus
                0x08004772       0x16 Middlewares/ST/STM32_USB_Device_Library/Core/Src/usbd_ioreq.o
                0x08004772                USBD_CtlReceiveStatus
 .text.MX_ADC1_Init
                0x08004788       0x6c Src/adc.o
                0x08004788                MX_ADC1_Init
 .text.HAL_ADC_MspInit
                0x080047f4       0x68 Src/adc.o
                0x080047f4                HAL_ADC_MspInit
 .text.DWT_Delay_Init
                0x0800485c       0x44 Src/dwt_stm32_delay.o
                0x0800485c                DWT_Delay_Init
 .text.gainBlockSetup
                0x080048a0       0x10 Src/gainBlock.o
                0x080048a0                gainBlockSetup
 .text.MX_GPIO_Init
                0x080048b0      0x1e4 Src/gpio.o
                0x080048b0                MX_GPIO_Init
 .text.MX_I2C1_Init
                0x08004a94       0x3c Src/i2c.o
                0x08004a94                MX_I2C1_Init
 .text.HAL_I2C_MspInit
                0x08004ad0       0x70 Src/i2c.o
                0x08004ad0                HAL_I2C_MspInit
 .text.MX_I2S3_Init
                0x08004b40       0x3c Src/i2s.o
                0x08004b40                MX_I2S3_Init
 .text.HAL_I2S_MspInit
                0x08004b7c       0x98 Src/i2s.o
                0x08004b7c                HAL_I2S_MspInit
 .text.SystemClock_Config
                0x08004c14       0xb0 Src/main.o
                0x08004c14                SystemClock_Config
 .text.main     0x08004cc4       0x68 Src/main.o
                0x08004cc4                main
 .text.Error_Handler
                0x08004d2c        0x2 Src/main.o
                0x08004d2c                Error_Handler
 *fill*         0x08004d2e        0x2 
 .text.max2871SpiWrite
                0x08004d30       0x84 Src/max2871.o
                0x08004d30                max2871SpiWrite
 .text.max2871WriteRegisters
                0x08004db4       0x18 Src/max2871.o
                0x08004db4                max2871WriteRegisters
 .text.max2871SetFrequency
                0x08004dcc      0x1ec Src/max2871.o
                0x08004dcc                max2871SetFrequency
 .text.max2871ChipEnable
                0x08004fb8       0x1c Src/max2871.o
                0x08004fb8                max2871ChipEnable
 .text.max2871RFEnable
                0x08004fd4       0x28 Src/max2871.o
                0x08004fd4                max2871RFEnable
 .text.max2871RFDisable
                0x08004ffc       0x28 Src/max2871.o
                0x08004ffc                max2871RFDisable
 .text.max2871CheckLD
                0x08005024       0x18 Src/max2871.o
                0x08005024                max2871CheckLD
 .text.max2871Setup
                0x0800503c      0x1b8 Src/max2871.o
                0x0800503c                max2871Setup
 .text.max2871Sweep
                0x080051f4       0xe4 Src/max2871.o
                0x080051f4                max2871Sweep
 .text.max2871SweepUSB
                0x080052d8      0x204 Src/max2871.o
                0x080052d8                max2871SweepUSB
 .text.max2871RegsInit
                0x080054dc       0x20 Src/max2871_registers.o
                0x080054dc                max2871RegsInit
 .text.max2871GetRegister
                0x080054fc        0xc Src/max2871_registers.o
                0x080054fc                max2871GetRegister
 .text.max2871Set_INT
                0x08005508       0x14 Src/max2871_registers.o
                0x08005508                max2871Set_INT
 .text.max2871Set_N
                0x0800551c       0x18 Src/max2871_registers.o
                0x0800551c                max2871Set_N
 .text.max2871Set_FRAC
                0x08005534       0x18 Src/max2871_registers.o
                0x08005534                max2871Set_FRAC
 .text.max2871Set_CPOC
                0x0800554c       0x14 Src/max2871_registers.o
                0x0800554c                max2871Set_CPOC
 .text.max2871Set_CPL
                0x08005560       0x14 Src/max2871_registers.o
                0x08005560                max2871Set_CPL
 .text.max2871Set_CPT
                0x08005574       0x14 Src/max2871_registers.o
                0x08005574                max2871Set_CPT
 .text.max2871Set_P
                0x08005588       0x18 Src/max2871_registers.o
                0x08005588                max2871Set_P
 .text.max2871Set_M
                0x080055a0       0x18 Src/max2871_registers.o
                0x080055a0                max2871Set_M
 .text.max2871Set_LDS
                0x080055b8       0x14 Src/max2871_registers.o
                0x080055b8                max2871Set_LDS
 .text.max2871Set_SDN
                0x080055cc       0x14 Src/max2871_registers.o
                0x080055cc                max2871Set_SDN
 .text.max2871Set_MUX
                0x080055e0       0x30 Src/max2871_registers.o
                0x080055e0                max2871Set_MUX
 .text.max2871Set_DBR
                0x08005610       0x14 Src/max2871_registers.o
                0x08005610                max2871Set_DBR
 .text.max2871Set_RDIV2
                0x08005624       0x14 Src/max2871_registers.o
                0x08005624                max2871Set_RDIV2
 .text.max2871Set_R
                0x08005638       0x18 Src/max2871_registers.o
                0x08005638                max2871Set_R
 .text.max2871Set_REG4DB
                0x08005650       0x14 Src/max2871_registers.o
                0x08005650                max2871Set_REG4DB
 .text.max2871Set_TRI
                0x08005664       0x14 Src/max2871_registers.o
                0x08005664                max2871Set_TRI
 .text.max2871Set_LDF
                0x08005678       0x14 Src/max2871_registers.o
                0x08005678                max2871Set_LDF
 .text.max2871Set_LDP
                0x0800568c       0x14 Src/max2871_registers.o
                0x0800568c                max2871Set_LDP
 .text.max2871Set_PDP
                0x080056a0       0x14 Src/max2871_registers.o
                0x080056a0                max2871Set_PDP
 .text.max2871Set_SHDN
                0x080056b4       0x14 Src/max2871_registers.o
                0x080056b4                max2871Set_SHDN
 .text.max2871Set_CP
                0x080056c8       0x14 Src/max2871_registers.o
                0x080056c8                max2871Set_CP
 .text.max2871Set_RST
                0x080056dc       0x14 Src/max2871_registers.o
                0x080056dc                max2871Set_RST
 .text.max2871Set_VCO
                0x080056f0       0x14 Src/max2871_registers.o
                0x080056f0                max2871Set_VCO
 .text.max2871Set_VAS_SHDN
                0x08005704       0x14 Src/max2871_registers.o
                0x08005704                max2871Set_VAS_SHDN
 .text.max2871Set_VAS_TEMP
                0x08005718       0x20 Src/max2871_registers.o
                0x08005718                max2871Set_VAS_TEMP
 .text.max2871Set_CSM
                0x08005738       0x14 Src/max2871_registers.o
                0x08005738                max2871Set_CSM
 .text.max2871Set_MUTEDEL
                0x0800574c       0x14 Src/max2871_registers.o
                0x0800574c                max2871Set_MUTEDEL
 .text.max2871Set_CDM
                0x08005760       0x14 Src/max2871_registers.o
                0x08005760                max2871Set_CDM
 .text.max2871Set_CDIV
                0x08005774       0x18 Src/max2871_registers.o
                0x08005774                max2871Set_CDIV
 .text.max2871Set_SDLDO
                0x0800578c       0x14 Src/max2871_registers.o
                0x0800578c                max2871Set_SDLDO
 .text.max2871Set_SDDIV
                0x080057a0       0x14 Src/max2871_registers.o
                0x080057a0                max2871Set_SDDIV
 .text.max2871Set_SDREF
                0x080057b4       0x14 Src/max2871_registers.o
                0x080057b4                max2871Set_SDREF
 .text.max2871Set_BS
                0x080057c8       0x28 Src/max2871_registers.o
                0x080057c8                max2871Set_BS
 .text.max2871Set_FB
                0x080057f0       0x14 Src/max2871_registers.o
                0x080057f0                max2871Set_FB
 .text.max2871Set_DIVA
                0x08005804       0x14 Src/max2871_registers.o
                0x08005804                max2871Set_DIVA
 .text.max2871Set_SDVCO
                0x08005818       0x14 Src/max2871_registers.o
                0x08005818                max2871Set_SDVCO
 .text.max2871Set_MTLD
                0x0800582c       0x14 Src/max2871_registers.o
                0x0800582c                max2871Set_MTLD
 .text.max2871Set_BDIV
                0x08005840       0x14 Src/max2871_registers.o
                0x08005840                max2871Set_BDIV
 .text.max2871Set_RFB_EN
                0x08005854       0x14 Src/max2871_registers.o
                0x08005854                max2871Set_RFB_EN
 .text.max2871Set_BPWR
                0x08005868       0x14 Src/max2871_registers.o
                0x08005868                max2871Set_BPWR
 .text.max2871Set_RFA_EN
                0x0800587c       0x14 Src/max2871_registers.o
                0x0800587c                max2871Set_RFA_EN
 .text.max2871Set_APWR
                0x08005890       0x14 Src/max2871_registers.o
                0x08005890                max2871Set_APWR
 .text.max2871Set_SDPLL
                0x080058a4       0x14 Src/max2871_registers.o
                0x080058a4                max2871Set_SDPLL
 .text.max2871Set_F01
                0x080058b8       0x14 Src/max2871_registers.o
                0x080058b8                max2871Set_F01
 .text.max2871Set_LD
                0x080058cc       0x14 Src/max2871_registers.o
                0x080058cc                max2871Set_LD
 .text.max2871Set_Reserved
                0x080058e0       0x20 Src/max2871_registers.o
                0x080058e0                max2871Set_Reserved
 .text.intToBinArray
                0x08005900       0x16 Src/pe43771.o
                0x08005900                intToBinArray
 *fill*         0x08005916        0x2 
 .text.setAttenuation
                0x08005918      0x108 Src/pe43771.o
                0x08005918                setAttenuation
 .text.MX_SPI1_Init
                0x08005a20       0x40 Src/spi.o
                0x08005a20                MX_SPI1_Init
 .text.MX_SPI2_Init
                0x08005a60       0x44 Src/spi.o
                0x08005a60                MX_SPI2_Init
 .text.HAL_SPI_MspInit
                0x08005aa4       0xc4 Src/spi.o
                0x08005aa4                HAL_SPI_MspInit
 .text.HAL_MspInit
                0x08005b68       0x40 Src/stm32f4xx_hal_msp.o
                0x08005b68                HAL_MspInit
 .text.NMI_Handler
                0x08005ba8        0x2 Src/stm32f4xx_it.o
                0x08005ba8                NMI_Handler
 .text.HardFault_Handler
                0x08005baa        0x2 Src/stm32f4xx_it.o
                0x08005baa                HardFault_Handler
 .text.MemManage_Handler
                0x08005bac        0x2 Src/stm32f4xx_it.o
                0x08005bac                MemManage_Handler
 .text.BusFault_Handler
                0x08005bae        0x2 Src/stm32f4xx_it.o
                0x08005bae                BusFault_Handler
 .text.UsageFault_Handler
                0x08005bb0        0x2 Src/stm32f4xx_it.o
                0x08005bb0                UsageFault_Handler
 .text.SVC_Handler
                0x08005bb2        0x2 Src/stm32f4xx_it.o
                0x08005bb2                SVC_Handler
 .text.DebugMon_Handler
                0x08005bb4        0x2 Src/stm32f4xx_it.o
                0x08005bb4                DebugMon_Handler
 .text.PendSV_Handler
                0x08005bb6        0x2 Src/stm32f4xx_it.o
                0x08005bb6                PendSV_Handler
 .text.SysTick_Handler
                0x08005bb8        0x8 Src/stm32f4xx_it.o
                0x08005bb8                SysTick_Handler
 .text.OTG_FS_IRQHandler
                0x08005bc0       0x10 Src/stm32f4xx_it.o
                0x08005bc0                OTG_FS_IRQHandler
 .text.SystemInit
                0x08005bd0       0x4c Src/system_stm32f4xx.o
                0x08005bd0                SystemInit
 .text.MX_USB_DEVICE_Init
                0x08005c1c       0x38 Src/usb_device.o
                0x08005c1c                MX_USB_DEVICE_Init
 .text.CDC_DeInit_FS
                0x08005c54        0xc Src/usbd_cdc_if.o
 .text.CDC_Control_FS
                0x08005c60        0x4 Src/usbd_cdc_if.o
 .text.CDC_Init_FS
                0x08005c64       0x2c Src/usbd_cdc_if.o
 .text.CDC_Transmit_FS
                0x08005c90       0x24 Src/usbd_cdc_if.o
                0x08005c90                CDC_Transmit_FS
 .text.printUSB
                0x08005cb4       0x3c Src/usbd_cdc_if.o
                0x08005cb4                printUSB
 .text.CDC_Receive_FS
                0x08005cf0       0x68 Src/usbd_cdc_if.o
 .text.scanUSB  0x08005d58       0x4c Src/usbd_cdc_if.o
                0x08005d58                scanUSB
 .text.HAL_PCD_MspInit
                0x08005da4       0x78 Src/usbd_conf.o
                0x08005da4                HAL_PCD_MspInit
 .text.HAL_PCD_SetupStageCallback
                0x08005e1c       0x10 Src/usbd_conf.o
                0x08005e1c                HAL_PCD_SetupStageCallback
 .text.HAL_PCD_DataOutStageCallback
                0x08005e2c       0x18 Src/usbd_conf.o
                0x08005e2c                HAL_PCD_DataOutStageCallback
 .text.HAL_PCD_DataInStageCallback
                0x08005e44       0x16 Src/usbd_conf.o
                0x08005e44                HAL_PCD_DataInStageCallback
 .text.HAL_PCD_SOFCallback
                0x08005e5a        0xc Src/usbd_conf.o
                0x08005e5a                HAL_PCD_SOFCallback
 .text.HAL_PCD_ResetCallback
                0x08005e66       0x20 Src/usbd_conf.o
                0x08005e66                HAL_PCD_ResetCallback
 *fill*         0x08005e86        0x2 
 .text.HAL_PCD_SuspendCallback
                0x08005e88       0x30 Src/usbd_conf.o
                0x08005e88                HAL_PCD_SuspendCallback
 .text.HAL_PCD_ResumeCallback
                0x08005eb8        0xc Src/usbd_conf.o
                0x08005eb8                HAL_PCD_ResumeCallback
 .text.HAL_PCD_ISOOUTIncompleteCallback
                0x08005ec4        0xc Src/usbd_conf.o
                0x08005ec4                HAL_PCD_ISOOUTIncompleteCallback
 .text.HAL_PCD_ISOINIncompleteCallback
                0x08005ed0        0xc Src/usbd_conf.o
                0x08005ed0                HAL_PCD_ISOINIncompleteCallback
 .text.HAL_PCD_ConnectCallback
                0x08005edc        0xc Src/usbd_conf.o
                0x08005edc                HAL_PCD_ConnectCallback
 .text.HAL_PCD_DisconnectCallback
                0x08005ee8        0xc Src/usbd_conf.o
                0x08005ee8                HAL_PCD_DisconnectCallback
 .text.USBD_LL_Init
                0x08005ef4       0x6c Src/usbd_conf.o
                0x08005ef4                USBD_LL_Init
 .text.USBD_LL_Start
                0x08005f60       0x1c Src/usbd_conf.o
                0x08005f60                USBD_LL_Start
 .text.USBD_LL_OpenEP
                0x08005f7c       0x22 Src/usbd_conf.o
                0x08005f7c                USBD_LL_OpenEP
 .text.USBD_LL_CloseEP
                0x08005f9e       0x1c Src/usbd_conf.o
                0x08005f9e                USBD_LL_CloseEP
 .text.USBD_LL_StallEP
                0x08005fba       0x1c Src/usbd_conf.o
                0x08005fba                USBD_LL_StallEP
 .text.USBD_LL_ClearStallEP
                0x08005fd6       0x1c Src/usbd_conf.o
                0x08005fd6                USBD_LL_ClearStallEP
 .text.USBD_LL_IsStallEP
                0x08005ff2       0x2e Src/usbd_conf.o
                0x08005ff2                USBD_LL_IsStallEP
 .text.USBD_LL_SetUSBAddress
                0x08006020       0x1c Src/usbd_conf.o
                0x08006020                USBD_LL_SetUSBAddress
 .text.USBD_LL_Transmit
                0x0800603c       0x1c Src/usbd_conf.o
                0x0800603c                USBD_LL_Transmit
 .text.USBD_LL_PrepareReceive
                0x08006058       0x1c Src/usbd_conf.o
                0x08006058                USBD_LL_PrepareReceive
 .text.USBD_LL_GetRxDataSize
                0x08006074        0xc Src/usbd_conf.o
                0x08006074                USBD_LL_GetRxDataSize
 .text.USBD_FS_DeviceDescriptor
                0x08006080        0xc Src/usbd_desc.o
                0x08006080                USBD_FS_DeviceDescriptor
 .text.USBD_FS_LangIDStrDescriptor
                0x0800608c        0xc Src/usbd_desc.o
                0x0800608c                USBD_FS_LangIDStrDescriptor
 .text.USBD_FS_ProductStrDescriptor
                0x08006098       0x24 Src/usbd_desc.o
                0x08006098                USBD_FS_ProductStrDescriptor
 .text.USBD_FS_ManufacturerStrDescriptor
                0x080060bc       0x1c Src/usbd_desc.o
                0x080060bc                USBD_FS_ManufacturerStrDescriptor
 .text.USBD_FS_SerialStrDescriptor
                0x080060d8       0x24 Src/usbd_desc.o
                0x080060d8                USBD_FS_SerialStrDescriptor
 .text.USBD_FS_ConfigStrDescriptor
                0x080060fc       0x24 Src/usbd_desc.o
                0x080060fc                USBD_FS_ConfigStrDescriptor
 .text.USBD_FS_InterfaceStrDescriptor
                0x08006120       0x24 Src/usbd_desc.o
                0x08006120                USBD_FS_InterfaceStrDescriptor
 .text.Reset_Handler
                0x08006144       0x50 startup/startup_stm32f407xx.o
                0x08006144                Reset_Handler
 .text.Default_Handler
                0x08006194        0x2 startup/startup_stm32f407xx.o
                0x08006194                RTC_Alarm_IRQHandler
                0x08006194                HASH_RNG_IRQHandler
                0x08006194                EXTI2_IRQHandler
                0x08006194                TIM8_CC_IRQHandler
                0x08006194                TIM1_CC_IRQHandler
                0x08006194                DMA2_Stream5_IRQHandler
                0x08006194                DMA1_Stream5_IRQHandler
                0x08006194                PVD_IRQHandler
                0x08006194                SDIO_IRQHandler
                0x08006194                TAMP_STAMP_IRQHandler
                0x08006194                CAN2_RX1_IRQHandler
                0x08006194                EXTI3_IRQHandler
                0x08006194                TIM8_TRG_COM_TIM14_IRQHandler
                0x08006194                TIM1_UP_TIM10_IRQHandler
                0x08006194                TIM8_UP_TIM13_IRQHandler
                0x08006194                I2C3_ER_IRQHandler
                0x08006194                EXTI0_IRQHandler
                0x08006194                I2C2_EV_IRQHandler
                0x08006194                DMA1_Stream2_IRQHandler
                0x08006194                CAN1_RX0_IRQHandler
                0x08006194                FPU_IRQHandler
                0x08006194                OTG_HS_WKUP_IRQHandler
                0x08006194                CAN2_SCE_IRQHandler
                0x08006194                DMA2_Stream2_IRQHandler
                0x08006194                SPI1_IRQHandler
                0x08006194                TIM6_DAC_IRQHandler
                0x08006194                TIM1_BRK_TIM9_IRQHandler
                0x08006194                DCMI_IRQHandler
                0x08006194                CAN2_RX0_IRQHandler
                0x08006194                DMA2_Stream3_IRQHandler
                0x08006194                USART6_IRQHandler
                0x08006194                USART3_IRQHandler
                0x08006194                CAN1_RX1_IRQHandler
                0x08006194                UART5_IRQHandler
                0x08006194                DMA2_Stream0_IRQHandler
                0x08006194                TIM4_IRQHandler
                0x08006194                I2C1_EV_IRQHandler
                0x08006194                DMA1_Stream6_IRQHandler
                0x08006194                DMA1_Stream1_IRQHandler
                0x08006194                UART4_IRQHandler
                0x08006194                TIM3_IRQHandler
                0x08006194                RCC_IRQHandler
                0x08006194                TIM8_BRK_TIM12_IRQHandler
                0x08006194                Default_Handler
                0x08006194                EXTI15_10_IRQHandler
                0x08006194                ADC_IRQHandler
                0x08006194                DMA1_Stream7_IRQHandler
                0x08006194                TIM7_IRQHandler
                0x08006194                CAN2_TX_IRQHandler
                0x08006194                TIM5_IRQHandler
                0x08006194                DMA2_Stream7_IRQHandler
                0x08006194                I2C3_EV_IRQHandler
                0x08006194                EXTI9_5_IRQHandler
                0x08006194                RTC_WKUP_IRQHandler
                0x08006194                ETH_WKUP_IRQHandler
                0x08006194                SPI2_IRQHandler
                0x08006194                OTG_HS_EP1_IN_IRQHandler
                0x08006194                DMA1_Stream0_IRQHandler
                0x08006194                CAN1_TX_IRQHandler
                0x08006194                EXTI4_IRQHandler
                0x08006194                FSMC_IRQHandler
                0x08006194                ETH_IRQHandler
                0x08006194                OTG_HS_EP1_OUT_IRQHandler
                0x08006194                WWDG_IRQHandler
                0x08006194                TIM2_IRQHandler
                0x08006194                OTG_FS_WKUP_IRQHandler
                0x08006194                TIM1_TRG_COM_TIM11_IRQHandler
                0x08006194                OTG_HS_IRQHandler
                0x08006194                EXTI1_IRQHandler
                0x08006194                USART2_IRQHandler
                0x08006194                I2C2_ER_IRQHandler
                0x08006194                DMA2_Stream1_IRQHandler
                0x08006194                CAN1_SCE_IRQHandler
                0x08006194                FLASH_IRQHandler
                0x08006194                DMA2_Stream4_IRQHandler
                0x08006194                USART1_IRQHandler
                0x08006194                SPI3_IRQHandler
                0x08006194                DMA1_Stream4_IRQHandler
                0x08006194                I2C1_ER_IRQHandler
                0x08006194                DMA2_Stream6_IRQHandler
                0x08006194                DMA1_Stream3_IRQHandler
 *fill*         0x08006196        0x2 
 .text.round    0x08006198       0xa4 c:/ac6/systemworkbench/plugins/fr.ac6.mcu.externaltools.arm-none.win32_1.17.0.201812190825/tools/compiler/bin/../lib/gcc/arm-none-eabi/7.3.1/../../../../arm-none-eabi/lib/thumb/v7e-m/fpv4-sp/hard\libm.a(lib_a-s_round.o)
                0x08006198                round
 .text.atof     0x0800623c        0x6 c:/ac6/systemworkbench/plugins/fr.ac6.mcu.externaltools.arm-none.win32_1.17.0.201812190825/tools/compiler/bin/../lib/gcc/arm-none-eabi/7.3.1/../../../../arm-none-eabi/lib/thumb/v7e-m/fpv4-sp/hard\libc_nano.a(lib_a-atof.o)
                0x0800623c                atof
 .text.atoi     0x08006242        0x8 c:/ac6/systemworkbench/plugins/fr.ac6.mcu.externaltools.arm-none.win32_1.17.0.201812190825/tools/compiler/bin/../lib/gcc/arm-none-eabi/7.3.1/../../../../arm-none-eabi/lib/thumb/v7e-m/fpv4-sp/hard\libc_nano.a(lib_a-atoi.o)
                0x08006242                atoi
 *fill*         0x0800624a        0x2 
 .text.__libc_init_array
                0x0800624c       0x48 c:/ac6/systemworkbench/plugins/fr.ac6.mcu.externaltools.arm-none.win32_1.17.0.201812190825/tools/compiler/bin/../lib/gcc/arm-none-eabi/7.3.1/../../../../arm-none-eabi/lib/thumb/v7e-m/fpv4-sp/hard\libc_nano.a(lib_a-init.o)
                0x0800624c                __libc_init_array
 .text.malloc   0x08006294       0x10 c:/ac6/systemworkbench/plugins/fr.ac6.mcu.externaltools.arm-none.win32_1.17.0.201812190825/tools/compiler/bin/../lib/gcc/arm-none-eabi/7.3.1/../../../../arm-none-eabi/lib/thumb/v7e-m/fpv4-sp/hard\libc_nano.a(lib_a-malloc.o)
                0x08006294                malloc
 .text.free     0x080062a4       0x10 c:/ac6/systemworkbench/plugins/fr.ac6.mcu.externaltools.arm-none.win32_1.17.0.201812190825/tools/compiler/bin/../lib/gcc/arm-none-eabi/7.3.1/../../../../arm-none-eabi/lib/thumb/v7e-m/fpv4-sp/hard\libc_nano.a(lib_a-malloc.o)
                0x080062a4                free
 .text.memset   0x080062b4       0x10 c:/ac6/systemworkbench/plugins/fr.ac6.mcu.externaltools.arm-none.win32_1.17.0.201812190825/tools/compiler/bin/../lib/gcc/arm-none-eabi/7.3.1/../../../../arm-none-eabi/lib/thumb/v7e-m/fpv4-sp/hard\libc_nano.a(lib_a-memset.o)
                0x080062b4                memset
 .text._free_r  0x080062c4       0x9c c:/ac6/systemworkbench/plugins/fr.ac6.mcu.externaltools.arm-none.win32_1.17.0.201812190825/tools/compiler/bin/../lib/gcc/arm-none-eabi/7.3.1/../../../../arm-none-eabi/lib/thumb/v7e-m/fpv4-sp/hard\libc_nano.a(lib_a-nano-freer.o)
                0x080062c4                _free_r
 .text._malloc_r
                0x08006360       0xb4 c:/ac6/systemworkbench/plugins/fr.ac6.mcu.externaltools.arm-none.win32_1.17.0.201812190825/tools/compiler/bin/../lib/gcc/arm-none-eabi/7.3.1/../../../../arm-none-eabi/lib/thumb/v7e-m/fpv4-sp/hard\libc_nano.a(lib_a-nano-mallocr.o)
                0x08006360                _malloc_r
 .text.__cvt    0x08006414       0xc2 c:/ac6/systemworkbench/plugins/fr.ac6.mcu.externaltools.arm-none.win32_1.17.0.201812190825/tools/compiler/bin/../lib/gcc/arm-none-eabi/7.3.1/../../../../arm-none-eabi/lib/thumb/v7e-m/fpv4-sp/hard\libc_nano.a(lib_a-nano-vfprintf_float.o)
                0x08006414                __cvt
 .text.__exponent
                0x080064d6       0x66 c:/ac6/systemworkbench/plugins/fr.ac6.mcu.externaltools.arm-none.win32_1.17.0.201812190825/tools/compiler/bin/../lib/gcc/arm-none-eabi/7.3.1/../../../../arm-none-eabi/lib/thumb/v7e-m/fpv4-sp/hard\libc_nano.a(lib_a-nano-vfprintf_float.o)
                0x080064d6                __exponent
 .text._printf_float
                0x0800653c      0x480 c:/ac6/systemworkbench/plugins/fr.ac6.mcu.externaltools.arm-none.win32_1.17.0.201812190825/tools/compiler/bin/../lib/gcc/arm-none-eabi/7.3.1/../../../../arm-none-eabi/lib/thumb/v7e-m/fpv4-sp/hard\libc_nano.a(lib_a-nano-vfprintf_float.o)
                0x0800653c                _printf_float
 .text._printf_common
                0x080069bc       0xea c:/ac6/systemworkbench/plugins/fr.ac6.mcu.externaltools.arm-none.win32_1.17.0.201812190825/tools/compiler/bin/../lib/gcc/arm-none-eabi/7.3.1/../../../../arm-none-eabi/lib/thumb/v7e-m/fpv4-sp/hard\libc_nano.a(lib_a-nano-vfprintf_i.o)
                0x080069bc                _printf_common
 *fill*         0x08006aa6        0x2 
 .text._sbrk_r  0x08006aa8       0x20 c:/ac6/systemworkbench/plugins/fr.ac6.mcu.externaltools.arm-none.win32_1.17.0.201812190825/tools/compiler/bin/../lib/gcc/arm-none-eabi/7.3.1/../../../../arm-none-eabi/lib/thumb/v7e-m/fpv4-sp/hard\libc_nano.a(lib_a-sbrkr.o)
                0x08006aa8                _sbrk_r
 .text.unlikely.sulp
                0x08006ac8       0x38 c:/ac6/systemworkbench/plugins/fr.ac6.mcu.externaltools.arm-none.win32_1.17.0.201812190825/tools/compiler/bin/../lib/gcc/arm-none-eabi/7.3.1/../../../../arm-none-eabi/lib/thumb/v7e-m/fpv4-sp/hard\libc_nano.a(lib_a-strtod.o)
 .text._strtod_l
                0x08006b00      0xbe8 c:/ac6/systemworkbench/plugins/fr.ac6.mcu.externaltools.arm-none.win32_1.17.0.201812190825/tools/compiler/bin/../lib/gcc/arm-none-eabi/7.3.1/../../../../arm-none-eabi/lib/thumb/v7e-m/fpv4-sp/hard\libc_nano.a(lib_a-strtod.o)
                0x08006b00                _strtod_l
 .text.strtod   0x080076e8       0x28 c:/ac6/systemworkbench/plugins/fr.ac6.mcu.externaltools.arm-none.win32_1.17.0.201812190825/tools/compiler/bin/../lib/gcc/arm-none-eabi/7.3.1/../../../../arm-none-eabi/lib/thumb/v7e-m/fpv4-sp/hard\libc_nano.a(lib_a-strtod.o)
                0x080076e8                strtod
 .text._strtol_l.isra.0
                0x08007710       0xf6 c:/ac6/systemworkbench/plugins/fr.ac6.mcu.externaltools.arm-none.win32_1.17.0.201812190825/tools/compiler/bin/../lib/gcc/arm-none-eabi/7.3.1/../../../../arm-none-eabi/lib/thumb/v7e-m/fpv4-sp/hard\libc_nano.a(lib_a-strtol.o)
 *fill*         0x08007806        0x2 
 .text.strtol   0x08007808       0x2c c:/ac6/systemworkbench/plugins/fr.ac6.mcu.externaltools.arm-none.win32_1.17.0.201812190825/tools/compiler/bin/../lib/gcc/arm-none-eabi/7.3.1/../../../../arm-none-eabi/lib/thumb/v7e-m/fpv4-sp/hard\libc_nano.a(lib_a-strtol.o)
                0x08007808                strtol
 .text.quorem   0x08007834      0x118 c:/ac6/systemworkbench/plugins/fr.ac6.mcu.externaltools.arm-none.win32_1.17.0.201812190825/tools/compiler/bin/../lib/gcc/arm-none-eabi/7.3.1/../../../../arm-none-eabi/lib/thumb/v7e-m/fpv4-sp/hard\libc_nano.a(lib_a-dtoa.o)
 *fill*         0x0800794c        0x4 
 .text._dtoa_r  0x08007950      0xb70 c:/ac6/systemworkbench/plugins/fr.ac6.mcu.externaltools.arm-none.win32_1.17.0.201812190825/tools/compiler/bin/../lib/gcc/arm-none-eabi/7.3.1/../../../../arm-none-eabi/lib/thumb/v7e-m/fpv4-sp/hard\libc_nano.a(lib_a-dtoa.o)
                0x08007950                _dtoa_r
 .text.rshift   0x080084c0       0x74 c:/ac6/systemworkbench/plugins/fr.ac6.mcu.externaltools.arm-none.win32_1.17.0.201812190825/tools/compiler/bin/../lib/gcc/arm-none-eabi/7.3.1/../../../../arm-none-eabi/lib/thumb/v7e-m/fpv4-sp/hard\libc_nano.a(lib_a-gdtoa-gethex.o)
 .text.__hexdig_fun
                0x08008534       0x2a c:/ac6/systemworkbench/plugins/fr.ac6.mcu.externaltools.arm-none.win32_1.17.0.201812190825/tools/compiler/bin/../lib/gcc/arm-none-eabi/7.3.1/../../../../arm-none-eabi/lib/thumb/v7e-m/fpv4-sp/hard\libc_nano.a(lib_a-gdtoa-gethex.o)
                0x08008534                __hexdig_fun
 .text.__gethex
                0x0800855e      0x442 c:/ac6/systemworkbench/plugins/fr.ac6.mcu.externaltools.arm-none.win32_1.17.0.201812190825/tools/compiler/bin/../lib/gcc/arm-none-eabi/7.3.1/../../../../arm-none-eabi/lib/thumb/v7e-m/fpv4-sp/hard\libc_nano.a(lib_a-gdtoa-gethex.o)
                0x0800855e                __gethex
 .text.L_shift  0x080089a0       0x24 c:/ac6/systemworkbench/plugins/fr.ac6.mcu.externaltools.arm-none.win32_1.17.0.201812190825/tools/compiler/bin/../lib/gcc/arm-none-eabi/7.3.1/../../../../arm-none-eabi/lib/thumb/v7e-m/fpv4-sp/hard\libc_nano.a(lib_a-gdtoa-hexnan.o)
 .text.__match  0x080089c4       0x28 c:/ac6/systemworkbench/plugins/fr.ac6.mcu.externaltools.arm-none.win32_1.17.0.201812190825/tools/compiler/bin/../lib/gcc/arm-none-eabi/7.3.1/../../../../arm-none-eabi/lib/thumb/v7e-m/fpv4-sp/hard\libc_nano.a(lib_a-gdtoa-hexnan.o)
                0x080089c4                __match
 .text.__hexnan
                0x080089ec      0x120 c:/ac6/systemworkbench/plugins/fr.ac6.mcu.externaltools.arm-none.win32_1.17.0.201812190825/tools/compiler/bin/../lib/gcc/arm-none-eabi/7.3.1/../../../../arm-none-eabi/lib/thumb/v7e-m/fpv4-sp/hard\libc_nano.a(lib_a-gdtoa-hexnan.o)
                0x080089ec                __hexnan
 .text.__locale_ctype_ptr_l
                0x08008b0c        0x6 c:/ac6/systemworkbench/plugins/fr.ac6.mcu.externaltools.arm-none.win32_1.17.0.201812190825/tools/compiler/bin/../lib/gcc/arm-none-eabi/7.3.1/../../../../arm-none-eabi/lib/thumb/v7e-m/fpv4-sp/hard\libc_nano.a(lib_a-locale.o)
                0x08008b0c                __locale_ctype_ptr_l
 .text.__localeconv_l
                0x08008b12        0x4 c:/ac6/systemworkbench/plugins/fr.ac6.mcu.externaltools.arm-none.win32_1.17.0.201812190825/tools/compiler/bin/../lib/gcc/arm-none-eabi/7.3.1/../../../../arm-none-eabi/lib/thumb/v7e-m/fpv4-sp/hard\libc_nano.a(lib_a-localeconv.o)
                0x08008b12                __localeconv_l
 *fill*         0x08008b16        0x2 
 .text._localeconv_r
                0x08008b18       0x1c c:/ac6/systemworkbench/plugins/fr.ac6.mcu.externaltools.arm-none.win32_1.17.0.201812190825/tools/compiler/bin/../lib/gcc/arm-none-eabi/7.3.1/../../../../arm-none-eabi/lib/thumb/v7e-m/fpv4-sp/hard\libc_nano.a(lib_a-localeconv.o)
                0x08008b18                _localeconv_r
 .text.__ascii_mbtowc
                0x08008b34       0x24 c:/ac6/systemworkbench/plugins/fr.ac6.mcu.externaltools.arm-none.win32_1.17.0.201812190825/tools/compiler/bin/../lib/gcc/arm-none-eabi/7.3.1/../../../../arm-none-eabi/lib/thumb/v7e-m/fpv4-sp/hard\libc_nano.a(lib_a-mbtowc_r.o)
                0x08008b34                __ascii_mbtowc
 .text.memcpy   0x08008b58       0x16 c:/ac6/systemworkbench/plugins/fr.ac6.mcu.externaltools.arm-none.win32_1.17.0.201812190825/tools/compiler/bin/../lib/gcc/arm-none-eabi/7.3.1/../../../../arm-none-eabi/lib/thumb/v7e-m/fpv4-sp/hard\libc_nano.a(lib_a-memcpy-stub.o)
                0x08008b58                memcpy
 .text.__malloc_lock
                0x08008b6e        0x2 c:/ac6/systemworkbench/plugins/fr.ac6.mcu.externaltools.arm-none.win32_1.17.0.201812190825/tools/compiler/bin/../lib/gcc/arm-none-eabi/7.3.1/../../../../arm-none-eabi/lib/thumb/v7e-m/fpv4-sp/hard\libc_nano.a(lib_a-mlock.o)
                0x08008b6e                __malloc_lock
 .text.__malloc_unlock
                0x08008b70        0x2 c:/ac6/systemworkbench/plugins/fr.ac6.mcu.externaltools.arm-none.win32_1.17.0.201812190825/tools/compiler/bin/../lib/gcc/arm-none-eabi/7.3.1/../../../../arm-none-eabi/lib/thumb/v7e-m/fpv4-sp/hard\libc_nano.a(lib_a-mlock.o)
                0x08008b70                __malloc_unlock
 .text._Balloc  0x08008b72       0x68 c:/ac6/systemworkbench/plugins/fr.ac6.mcu.externaltools.arm-none.win32_1.17.0.201812190825/tools/compiler/bin/../lib/gcc/arm-none-eabi/7.3.1/../../../../arm-none-eabi/lib/thumb/v7e-m/fpv4-sp/hard\libc_nano.a(lib_a-mprec.o)
                0x08008b72                _Balloc
 .text._Bfree   0x08008bda       0x2e c:/ac6/systemworkbench/plugins/fr.ac6.mcu.externaltools.arm-none.win32_1.17.0.201812190825/tools/compiler/bin/../lib/gcc/arm-none-eabi/7.3.1/../../../../arm-none-eabi/lib/thumb/v7e-m/fpv4-sp/hard\libc_nano.a(lib_a-mprec.o)
                0x08008bda                _Bfree
 .text.__multadd
                0x08008c08       0x76 c:/ac6/systemworkbench/plugins/fr.ac6.mcu.externaltools.arm-none.win32_1.17.0.201812190825/tools/compiler/bin/../lib/gcc/arm-none-eabi/7.3.1/../../../../arm-none-eabi/lib/thumb/v7e-m/fpv4-sp/hard\libc_nano.a(lib_a-mprec.o)
                0x08008c08                __multadd
 .text.__s2b    0x08008c7e       0x7c c:/ac6/systemworkbench/plugins/fr.ac6.mcu.externaltools.arm-none.win32_1.17.0.201812190825/tools/compiler/bin/../lib/gcc/arm-none-eabi/7.3.1/../../../../arm-none-eabi/lib/thumb/v7e-m/fpv4-sp/hard\libc_nano.a(lib_a-mprec.o)
                0x08008c7e                __s2b
 .text.__hi0bits
                0x08008cfa       0x3e c:/ac6/systemworkbench/plugins/fr.ac6.mcu.externaltools.arm-none.win32_1.17.0.201812190825/tools/compiler/bin/../lib/gcc/arm-none-eabi/7.3.1/../../../../arm-none-eabi/lib/thumb/v7e-m/fpv4-sp/hard\libc_nano.a(lib_a-mprec.o)
                0x08008cfa                __hi0bits
 .text.__lo0bits
                0x08008d38       0x5e c:/ac6/systemworkbench/plugins/fr.ac6.mcu.externaltools.arm-none.win32_1.17.0.201812190825/tools/compiler/bin/../lib/gcc/arm-none-eabi/7.3.1/../../../../arm-none-eabi/lib/thumb/v7e-m/fpv4-sp/hard\libc_nano.a(lib_a-mprec.o)
                0x08008d38                __lo0bits
 .text.__i2b    0x08008d96       0x12 c:/ac6/systemworkbench/plugins/fr.ac6.mcu.externaltools.arm-none.win32_1.17.0.201812190825/tools/compiler/bin/../lib/gcc/arm-none-eabi/7.3.1/../../../../arm-none-eabi/lib/thumb/v7e-m/fpv4-sp/hard\libc_nano.a(lib_a-mprec.o)
                0x08008d96                __i2b
 .text.__multiply
                0x08008da8      0x12c c:/ac6/systemworkbench/plugins/fr.ac6.mcu.externaltools.arm-none.win32_1.17.0.201812190825/tools/compiler/bin/../lib/gcc/arm-none-eabi/7.3.1/../../../../arm-none-eabi/lib/thumb/v7e-m/fpv4-sp/hard\libc_nano.a(lib_a-mprec.o)
                0x08008da8                __multiply
 .text.__pow5mult
                0x08008ed4       0x9c c:/ac6/systemworkbench/plugins/fr.ac6.mcu.externaltools.arm-none.win32_1.17.0.201812190825/tools/compiler/bin/../lib/gcc/arm-none-eabi/7.3.1/../../../../arm-none-eabi/lib/thumb/v7e-m/fpv4-sp/hard\libc_nano.a(lib_a-mprec.o)
                0x08008ed4                __pow5mult
 .text.__lshift
                0x08008f70       0xa8 c:/ac6/systemworkbench/plugins/fr.ac6.mcu.externaltools.arm-none.win32_1.17.0.201812190825/tools/compiler/bin/../lib/gcc/arm-none-eabi/7.3.1/../../../../arm-none-eabi/lib/thumb/v7e-m/fpv4-sp/hard\libc_nano.a(lib_a-mprec.o)
                0x08008f70                __lshift
 .text.__mcmp   0x08009018       0x34 c:/ac6/systemworkbench/plugins/fr.ac6.mcu.externaltools.arm-none.win32_1.17.0.201812190825/tools/compiler/bin/../lib/gcc/arm-none-eabi/7.3.1/../../../../arm-none-eabi/lib/thumb/v7e-m/fpv4-sp/hard\libc_nano.a(lib_a-mprec.o)
                0x08009018                __mcmp
 .text.__mdiff  0x0800904c       0xba c:/ac6/systemworkbench/plugins/fr.ac6.mcu.externaltools.arm-none.win32_1.17.0.201812190825/tools/compiler/bin/../lib/gcc/arm-none-eabi/7.3.1/../../../../arm-none-eabi/lib/thumb/v7e-m/fpv4-sp/hard\libc_nano.a(lib_a-mprec.o)
                0x0800904c                __mdiff
 *fill*         0x08009106        0x2 
 .text.__ulp    0x08009108       0x50 c:/ac6/systemworkbench/plugins/fr.ac6.mcu.externaltools.arm-none.win32_1.17.0.201812190825/tools/compiler/bin/../lib/gcc/arm-none-eabi/7.3.1/../../../../arm-none-eabi/lib/thumb/v7e-m/fpv4-sp/hard\libc_nano.a(lib_a-mprec.o)
                0x08009108                __ulp
 .text.__b2d    0x08009158       0x9c c:/ac6/systemworkbench/plugins/fr.ac6.mcu.externaltools.arm-none.win32_1.17.0.201812190825/tools/compiler/bin/../lib/gcc/arm-none-eabi/7.3.1/../../../../arm-none-eabi/lib/thumb/v7e-m/fpv4-sp/hard\libc_nano.a(lib_a-mprec.o)
                0x08009158                __b2d
 .text.__d2b    0x080091f4       0x9e c:/ac6/systemworkbench/plugins/fr.ac6.mcu.externaltools.arm-none.win32_1.17.0.201812190825/tools/compiler/bin/../lib/gcc/arm-none-eabi/7.3.1/../../../../arm-none-eabi/lib/thumb/v7e-m/fpv4-sp/hard\libc_nano.a(lib_a-mprec.o)
                0x080091f4                __d2b
 .text.__ratio  0x08009292       0x66 c:/ac6/systemworkbench/plugins/fr.ac6.mcu.externaltools.arm-none.win32_1.17.0.201812190825/tools/compiler/bin/../lib/gcc/arm-none-eabi/7.3.1/../../../../arm-none-eabi/lib/thumb/v7e-m/fpv4-sp/hard\libc_nano.a(lib_a-mprec.o)
                0x08009292                __ratio
 .text.__copybits
                0x080092f8       0x34 c:/ac6/systemworkbench/plugins/fr.ac6.mcu.externaltools.arm-none.win32_1.17.0.201812190825/tools/compiler/bin/../lib/gcc/arm-none-eabi/7.3.1/../../../../arm-none-eabi/lib/thumb/v7e-m/fpv4-sp/hard\libc_nano.a(lib_a-mprec.o)
                0x080092f8                __copybits
 .text.__any_on
                0x0800932c       0x42 c:/ac6/systemworkbench/plugins/fr.ac6.mcu.externaltools.arm-none.win32_1.17.0.201812190825/tools/compiler/bin/../lib/gcc/arm-none-eabi/7.3.1/../../../../arm-none-eabi/lib/thumb/v7e-m/fpv4-sp/hard\libc_nano.a(lib_a-mprec.o)
                0x0800932c                __any_on
 .text._calloc_r
                0x0800936e       0x1c c:/ac6/systemworkbench/plugins/fr.ac6.mcu.externaltools.arm-none.win32_1.17.0.201812190825/tools/compiler/bin/../lib/gcc/arm-none-eabi/7.3.1/../../../../arm-none-eabi/lib/thumb/v7e-m/fpv4-sp/hard\libc_nano.a(lib_a-nano-callocr.o)
                0x0800936e                _calloc_r
 .text.strncmp  0x0800938a       0x24 c:/ac6/systemworkbench/plugins/fr.ac6.mcu.externaltools.arm-none.win32_1.17.0.201812190825/tools/compiler/bin/../lib/gcc/arm-none-eabi/7.3.1/../../../../arm-none-eabi/lib/thumb/v7e-m/fpv4-sp/hard\libc_nano.a(lib_a-strncmp.o)
                0x0800938a                strncmp
 .text.__ascii_wctomb
                0x080093ae       0x1a c:/ac6/systemworkbench/plugins/fr.ac6.mcu.externaltools.arm-none.win32_1.17.0.201812190825/tools/compiler/bin/../lib/gcc/arm-none-eabi/7.3.1/../../../../arm-none-eabi/lib/thumb/v7e-m/fpv4-sp/hard\libc_nano.a(lib_a-wctomb_r.o)
                0x080093ae                __ascii_wctomb
 .text._sbrk    0x080093c8       0x1c c:/ac6/systemworkbench/plugins/fr.ac6.mcu.externaltools.arm-none.win32_1.17.0.201812190825/tools/compiler/bin/../lib/gcc/arm-none-eabi/7.3.1/../../../../arm-none-eabi/lib/thumb/v7e-m/fpv4-sp/hard\libnosys.a(sbrk.o)
                0x080093c8                _sbrk
 *(.glue_7)
 .glue_7        0x080093e4        0x0 linker stubs
 *(.glue_7t)
 .glue_7t       0x080093e4        0x0 linker stubs
 *(.eh_frame)
 .eh_frame      0x080093e4        0x0 c:/ac6/systemworkbench/plugins/fr.ac6.mcu.externaltools.arm-none.win32_1.17.0.201812190825/tools/compiler/bin/../lib/gcc/arm-none-eabi/7.3.1/thumb/v7e-m/fpv4-sp/hard/crtbegin.o
 *(.init)
 .init          0x080093e4        0x4 c:/ac6/systemworkbench/plugins/fr.ac6.mcu.externaltools.arm-none.win32_1.17.0.201812190825/tools/compiler/bin/../lib/gcc/arm-none-eabi/7.3.1/thumb/v7e-m/fpv4-sp/hard/crti.o
                0x080093e4                _init
 .init          0x080093e8        0x8 c:/ac6/systemworkbench/plugins/fr.ac6.mcu.externaltools.arm-none.win32_1.17.0.201812190825/tools/compiler/bin/../lib/gcc/arm-none-eabi/7.3.1/thumb/v7e-m/fpv4-sp/hard/crtn.o
 *(.fini)
 .fini          0x080093f0        0x4 c:/ac6/systemworkbench/plugins/fr.ac6.mcu.externaltools.arm-none.win32_1.17.0.201812190825/tools/compiler/bin/../lib/gcc/arm-none-eabi/7.3.1/thumb/v7e-m/fpv4-sp/hard/crti.o
                0x080093f0                _fini
 .fini          0x080093f4        0x8 c:/ac6/systemworkbench/plugins/fr.ac6.mcu.externaltools.arm-none.win32_1.17.0.201812190825/tools/compiler/bin/../lib/gcc/arm-none-eabi/7.3.1/thumb/v7e-m/fpv4-sp/hard/crtn.o
                0x080093fc                . = ALIGN (0x4)
                0x080093fc                _etext = .

.vfp11_veneer   0x080093fc        0x0
 .vfp11_veneer  0x080093fc        0x0 linker stubs

.v4_bx          0x080093fc        0x0
 .v4_bx         0x080093fc        0x0 linker stubs

.iplt           0x080093fc        0x0
 .iplt          0x080093fc        0x0 c:/ac6/systemworkbench/plugins/fr.ac6.mcu.externaltools.arm-none.win32_1.17.0.201812190825/tools/compiler/bin/../lib/gcc/arm-none-eabi/7.3.1/thumb/v7e-m/fpv4-sp/hard/crtbegin.o

.rodata         0x08009400      0x6c8
                0x08009400                . = ALIGN (0x4)
 *(.rodata)
 .rodata        0x08009400       0x18 Src/system_stm32f4xx.o
                0x08009400                AHBPrescTable
                0x08009410                APBPrescTable
 *(.rodata*)
 .rodata.str1.4
                0x08009418      0x3d1 Src/max2871.o
                                0x3dd (size before relaxing)
 *fill*         0x080097e9        0x3 
 .rodata.str1.4
                0x080097ec       0x11 Src/usbd_cdc_if.o
 *fill*         0x080097fd        0x3 
 .rodata.str1.4
                0x08009800       0x48 Src/usbd_desc.o
                                 0x46 (size before relaxing)
 .rodata._printf_float.str1.1
                0x08009848       0x12 c:/ac6/systemworkbench/plugins/fr.ac6.mcu.externaltools.arm-none.win32_1.17.0.201812190825/tools/compiler/bin/../lib/gcc/arm-none-eabi/7.3.1/../../../../arm-none-eabi/lib/thumb/v7e-m/fpv4-sp/hard\libc_nano.a(lib_a-nano-vfprintf_float.o)
 .rodata._strtod_l.str1.1
                0x0800985a       0x12 c:/ac6/systemworkbench/plugins/fr.ac6.mcu.externaltools.arm-none.win32_1.17.0.201812190825/tools/compiler/bin/../lib/gcc/arm-none-eabi/7.3.1/../../../../arm-none-eabi/lib/thumb/v7e-m/fpv4-sp/hard\libc_nano.a(lib_a-strtod.o)
                                  0xc (size before relaxing)
 *fill*         0x0800985a        0x2 
 .rodata.fpi.7435
                0x0800985c       0x14 c:/ac6/systemworkbench/plugins/fr.ac6.mcu.externaltools.arm-none.win32_1.17.0.201812190825/tools/compiler/bin/../lib/gcc/arm-none-eabi/7.3.1/../../../../arm-none-eabi/lib/thumb/v7e-m/fpv4-sp/hard\libc_nano.a(lib_a-strtod.o)
 .rodata.fpinan.7471
                0x08009870       0x14 c:/ac6/systemworkbench/plugins/fr.ac6.mcu.externaltools.arm-none.win32_1.17.0.201812190825/tools/compiler/bin/../lib/gcc/arm-none-eabi/7.3.1/../../../../arm-none-eabi/lib/thumb/v7e-m/fpv4-sp/hard\libc_nano.a(lib_a-strtod.o)
 *fill*         0x08009884        0x4 
 .rodata.tinytens
                0x08009888       0x28 c:/ac6/systemworkbench/plugins/fr.ac6.mcu.externaltools.arm-none.win32_1.17.0.201812190825/tools/compiler/bin/../lib/gcc/arm-none-eabi/7.3.1/../../../../arm-none-eabi/lib/thumb/v7e-m/fpv4-sp/hard\libc_nano.a(lib_a-strtod.o)
 .rodata._dtoa_r.str1.1
                0x080098b0        0xd c:/ac6/systemworkbench/plugins/fr.ac6.mcu.externaltools.arm-none.win32_1.17.0.201812190825/tools/compiler/bin/../lib/gcc/arm-none-eabi/7.3.1/../../../../arm-none-eabi/lib/thumb/v7e-m/fpv4-sp/hard\libc_nano.a(lib_a-dtoa.o)
                                  0xf (size before relaxing)
 .rodata._setlocale_r.str1.1
                0x080098bd        0x8 c:/ac6/systemworkbench/plugins/fr.ac6.mcu.externaltools.arm-none.win32_1.17.0.201812190825/tools/compiler/bin/../lib/gcc/arm-none-eabi/7.3.1/../../../../arm-none-eabi/lib/thumb/v7e-m/fpv4-sp/hard\libc_nano.a(lib_a-locale.o)
                                  0x9 (size before relaxing)
 .rodata.str1.1
                0x080098c5        0x2 c:/ac6/systemworkbench/plugins/fr.ac6.mcu.externaltools.arm-none.win32_1.17.0.201812190825/tools/compiler/bin/../lib/gcc/arm-none-eabi/7.3.1/../../../../arm-none-eabi/lib/thumb/v7e-m/fpv4-sp/hard\libc_nano.a(lib_a-locale.o)
 *fill*         0x080098c7        0x1 
 .rodata.__mprec_bigtens
                0x080098c8       0x28 c:/ac6/systemworkbench/plugins/fr.ac6.mcu.externaltools.arm-none.win32_1.17.0.201812190825/tools/compiler/bin/../lib/gcc/arm-none-eabi/7.3.1/../../../../arm-none-eabi/lib/thumb/v7e-m/fpv4-sp/hard\libc_nano.a(lib_a-mprec.o)
                0x080098c8                __mprec_bigtens
 .rodata.__mprec_tens
                0x080098f0       0xc8 c:/ac6/systemworkbench/plugins/fr.ac6.mcu.externaltools.arm-none.win32_1.17.0.201812190825/tools/compiler/bin/../lib/gcc/arm-none-eabi/7.3.1/../../../../arm-none-eabi/lib/thumb/v7e-m/fpv4-sp/hard\libc_nano.a(lib_a-mprec.o)
                0x080098f0                __mprec_tens
 .rodata.p05.7359
                0x080099b8        0xc c:/ac6/systemworkbench/plugins/fr.ac6.mcu.externaltools.arm-none.win32_1.17.0.201812190825/tools/compiler/bin/../lib/gcc/arm-none-eabi/7.3.1/../../../../arm-none-eabi/lib/thumb/v7e-m/fpv4-sp/hard\libc_nano.a(lib_a-mprec.o)
 .rodata._ctype_
                0x080099c4      0x101 c:/ac6/systemworkbench/plugins/fr.ac6.mcu.externaltools.arm-none.win32_1.17.0.201812190825/tools/compiler/bin/../lib/gcc/arm-none-eabi/7.3.1/../../../../arm-none-eabi/lib/thumb/v7e-m/fpv4-sp/hard\libc_nano.a(lib_a-ctype_.o)
                0x080099c4                _ctype_
                0x08009ac8                . = ALIGN (0x4)
 *fill*         0x08009ac5        0x3 

.ARM.extab
 *(.ARM.extab* .gnu.linkonce.armextab.*)

.ARM            0x08009ac8        0x8
                0x08009ac8                __exidx_start = .
 *(.ARM.exidx*)
 .ARM.exidx     0x08009ac8        0x8 c:/ac6/systemworkbench/plugins/fr.ac6.mcu.externaltools.arm-none.win32_1.17.0.201812190825/tools/compiler/bin/../lib/gcc/arm-none-eabi/7.3.1/thumb/v7e-m/fpv4-sp/hard\libgcc.a(_udivmoddi4.o)
                0x08009ad0                __exidx_end = .

.rel.dyn        0x08009ad0        0x0
 .rel.iplt      0x08009ad0        0x0 c:/ac6/systemworkbench/plugins/fr.ac6.mcu.externaltools.arm-none.win32_1.17.0.201812190825/tools/compiler/bin/../lib/gcc/arm-none-eabi/7.3.1/thumb/v7e-m/fpv4-sp/hard/crtbegin.o

.preinit_array  0x08009ad0        0x0
                0x08009ad0                PROVIDE (__preinit_array_start = .)
 *(.preinit_array*)
                0x08009ad0                PROVIDE (__preinit_array_end = .)

.init_array     0x08009ad0        0x4
                0x08009ad0                PROVIDE (__init_array_start = .)
 *(SORT_BY_NAME(.init_array.*))
 *(.init_array*)
 .init_array    0x08009ad0        0x4 c:/ac6/systemworkbench/plugins/fr.ac6.mcu.externaltools.arm-none.win32_1.17.0.201812190825/tools/compiler/bin/../lib/gcc/arm-none-eabi/7.3.1/thumb/v7e-m/fpv4-sp/hard/crtbegin.o
                0x08009ad4                PROVIDE (__init_array_end = .)

.fini_array     0x08009ad4        0x4
                [!provide]                PROVIDE (__fini_array_start = .)
 *(SORT_BY_NAME(.fini_array.*))
 *(.fini_array*)
 .fini_array    0x08009ad4        0x4 c:/ac6/systemworkbench/plugins/fr.ac6.mcu.externaltools.arm-none.win32_1.17.0.201812190825/tools/compiler/bin/../lib/gcc/arm-none-eabi/7.3.1/thumb/v7e-m/fpv4-sp/hard/crtbegin.o
                [!provide]                PROVIDE (__fini_array_end = .)
                0x08009ad8                _sidata = LOADADDR (.data)

.data           0x20000000      0x334 load address 0x08009ad8
                0x20000000                . = ALIGN (0x4)
                0x20000000                _sdata = .
 *(.data)
 .data          0x20000000        0x8 Drivers/STM32F4xx_HAL_Driver/Src/stm32f4xx_hal.o
                0x20000000                uwTickFreq
                0x20000004                uwTickPrio
 .data          0x20000008      0x110 Middlewares/ST/STM32_USB_Device_Library/Class/CDC/Src/usbd_cdc.o
                0x20000008                USBD_CDC_CfgFSDesc
                0x2000004c                USBD_CDC_CfgHSDesc
                0x20000090                USBD_CDC_OtherSpeedCfgDesc
                0x200000e0                USBD_CDC
 .data          0x20000118        0x4 Src/system_stm32f4xx.o
                0x20000118                SystemCoreClock
 .data          0x2000011c       0x14 Src/usbd_cdc_if.o
                0x2000011c                hUsbDevice_0
                0x20000120                USBD_Interface_fops_FS
 .data          0x20000130       0x34 Src/usbd_desc.o
                0x20000130                USBD_FS_DeviceDesc
                0x20000144                USBD_LangIDDesc
                0x20000148                FS_Desc
 *(.data*)
 .data._impure_ptr
                0x20000164        0x4 c:/ac6/systemworkbench/plugins/fr.ac6.mcu.externaltools.arm-none.win32_1.17.0.201812190825/tools/compiler/bin/../lib/gcc/arm-none-eabi/7.3.1/../../../../arm-none-eabi/lib/thumb/v7e-m/fpv4-sp/hard\libc_nano.a(lib_a-impure.o)
                0x20000164                _impure_ptr
 .data.impure_data
                0x20000168       0x60 c:/ac6/systemworkbench/plugins/fr.ac6.mcu.externaltools.arm-none.win32_1.17.0.201812190825/tools/compiler/bin/../lib/gcc/arm-none-eabi/7.3.1/../../../../arm-none-eabi/lib/thumb/v7e-m/fpv4-sp/hard\libc_nano.a(lib_a-impure.o)
 .data.__global_locale
                0x200001c8      0x16c c:/ac6/systemworkbench/plugins/fr.ac6.mcu.externaltools.arm-none.win32_1.17.0.201812190825/tools/compiler/bin/../lib/gcc/arm-none-eabi/7.3.1/../../../../arm-none-eabi/lib/thumb/v7e-m/fpv4-sp/hard\libc_nano.a(lib_a-locale.o)
                0x200001c8                __global_locale
                0x20000334                . = ALIGN (0x4)
                0x20000334                _edata = .
                0x08009e0c                _siccmram = LOADADDR (.ccmram)

.igot.plt       0x20000334        0x0 load address 0x08009e0c
 .igot.plt      0x20000334        0x0 c:/ac6/systemworkbench/plugins/fr.ac6.mcu.externaltools.arm-none.win32_1.17.0.201812190825/tools/compiler/bin/../lib/gcc/arm-none-eabi/7.3.1/thumb/v7e-m/fpv4-sp/hard/crtbegin.o

.ccmram         0x10000000        0x0 load address 0x08009e0c
                0x10000000                . = ALIGN (0x4)
                0x10000000                _sccmram = .
 *(.ccmram)
 *(.ccmram*)
                0x10000000                . = ALIGN (0x4)
                0x10000000                _eccmram = .
                0x10000000                . = ALIGN (0x4)

.bss            0x20000334     0x1b18
                0x20000334                _sbss = .
                0x20000334                __bss_start__ = _sbss
 *(.bss)
 .bss           0x20000334       0x1c c:/ac6/systemworkbench/plugins/fr.ac6.mcu.externaltools.arm-none.win32_1.17.0.201812190825/tools/compiler/bin/../lib/gcc/arm-none-eabi/7.3.1/thumb/v7e-m/fpv4-sp/hard/crtbegin.o
 .bss           0x20000350        0x1 Middlewares/ST/STM32_USB_Device_Library/Class/CDC/Src/usbd_cdc.o
 .bss           0x20000351        0x1 Middlewares/ST/STM32_USB_Device_Library/Core/Src/usbd_ctlreq.o
 *fill*         0x20000352        0x2 
 .bss           0x20000354      0x10c Src/main.o
                0x20000354                RX_FIFO
 .bss           0x20000460       0x18 Src/max2871_registers.o
 *(.bss*)
 .bss.__malloc_free_list
                0x20000478        0x4 c:/ac6/systemworkbench/plugins/fr.ac6.mcu.externaltools.arm-none.win32_1.17.0.201812190825/tools/compiler/bin/../lib/gcc/arm-none-eabi/7.3.1/../../../../arm-none-eabi/lib/thumb/v7e-m/fpv4-sp/hard\libc_nano.a(lib_a-nano-mallocr.o)
                0x20000478                __malloc_free_list
 .bss.__malloc_sbrk_start
                0x2000047c        0x4 c:/ac6/systemworkbench/plugins/fr.ac6.mcu.externaltools.arm-none.win32_1.17.0.201812190825/tools/compiler/bin/../lib/gcc/arm-none-eabi/7.3.1/../../../../arm-none-eabi/lib/thumb/v7e-m/fpv4-sp/hard\libc_nano.a(lib_a-nano-mallocr.o)
                0x2000047c                __malloc_sbrk_start
 .bss.heap_end.5377
                0x20000480        0x4 c:/ac6/systemworkbench/plugins/fr.ac6.mcu.externaltools.arm-none.win32_1.17.0.201812190825/tools/compiler/bin/../lib/gcc/arm-none-eabi/7.3.1/../../../../arm-none-eabi/lib/thumb/v7e-m/fpv4-sp/hard\libnosys.a(sbrk.o)
 *(COMMON)
 COMMON         0x20000484        0x4 Drivers/STM32F4xx_HAL_Driver/Src/stm32f4xx_hal.o
                0x20000484                uwTick
 COMMON         0x20000488       0x48 Src/adc.o
                0x20000488                hadc1
 COMMON         0x200004d0        0xc Src/gainBlock.o
                0x200004d0                gainStatus
 COMMON         0x200004dc       0x54 Src/i2c.o
                0x200004dc                hi2c1
 COMMON         0x20000530       0x48 Src/i2s.o
                0x20000530                hi2s3
 COMMON         0x20000578        0xc Src/max2871.o
                0x20000578                max2871Status
 COMMON         0x20000584       0xb0 Src/spi.o
                0x20000584                hspi2
                0x200005dc                hspi1
 COMMON         0x20000634      0x224 Src/usb_device.o
                0x20000634                hUsbDeviceFS
 COMMON         0x20000858     0x1000 Src/usbd_cdc_if.o
                0x20000858                UserRxBufferFS
                0x20001058                UserTxBufferFS
 COMMON         0x20001858      0x3f0 Src/usbd_conf.o
                0x20001858                hpcd_USB_OTG_FS
 COMMON         0x20001c48      0x200 Src/usbd_desc.o
                0x20001c48                USBD_StrDesc
 COMMON         0x20001e48        0x4 c:/ac6/systemworkbench/plugins/fr.ac6.mcu.externaltools.arm-none.win32_1.17.0.201812190825/tools/compiler/bin/../lib/gcc/arm-none-eabi/7.3.1/../../../../arm-none-eabi/lib/thumb/v7e-m/fpv4-sp/hard\libc_nano.a(lib_a-reent.o)
                0x20001e48                errno
                0x20001e4c                . = ALIGN (0x4)
                0x20001e4c                _ebss = .
                0x20001e4c                __bss_end__ = _ebss

._user_heap_stack
                0x20001e4c      0x604
                0x20001e50                . = ALIGN (0x8)
 *fill*         0x20001e4c        0x4 
                0x20001e50                PROVIDE (end = .)
                [!provide]                PROVIDE (_end = .)
                0x20002050                . = (. + _Min_Heap_Size)
 *fill*         0x20001e50      0x200 
                0x20002450                . = (. + _Min_Stack_Size)
 *fill*         0x20002050      0x400 
                0x20002450                . = ALIGN (0x8)

/DISCARD/
 libc.a(*)
 libm.a(*)
 libgcc.a(*)

.ARM.attributes
                0x00000000       0x30
 *(.ARM.attributes)
 .ARM.attributes
                0x00000000       0x22 c:/ac6/systemworkbench/plugins/fr.ac6.mcu.externaltools.arm-none.win32_1.17.0.201812190825/tools/compiler/bin/../lib/gcc/arm-none-eabi/7.3.1/thumb/v7e-m/fpv4-sp/hard/crti.o
 .ARM.attributes
                0x00000022       0x34 c:/ac6/systemworkbench/plugins/fr.ac6.mcu.externaltools.arm-none.win32_1.17.0.201812190825/tools/compiler/bin/../lib/gcc/arm-none-eabi/7.3.1/thumb/v7e-m/fpv4-sp/hard/crtbegin.o
 .ARM.attributes
                0x00000056       0x39 Drivers/STM32F4xx_HAL_Driver/Src/stm32f4xx_hal.o
 .ARM.attributes
                0x0000008f       0x39 Drivers/STM32F4xx_HAL_Driver/Src/stm32f4xx_hal_adc.o
 .ARM.attributes
                0x000000c8       0x39 Drivers/STM32F4xx_HAL_Driver/Src/stm32f4xx_hal_cortex.o
 .ARM.attributes
                0x00000101       0x39 Drivers/STM32F4xx_HAL_Driver/Src/stm32f4xx_hal_gpio.o
 .ARM.attributes
                0x0000013a       0x39 Drivers/STM32F4xx_HAL_Driver/Src/stm32f4xx_hal_i2c.o
 .ARM.attributes
                0x00000173       0x39 Drivers/STM32F4xx_HAL_Driver/Src/stm32f4xx_hal_i2s.o
 .ARM.attributes
                0x000001ac       0x39 Drivers/STM32F4xx_HAL_Driver/Src/stm32f4xx_hal_i2s_ex.o
 .ARM.attributes
                0x000001e5       0x39 Drivers/STM32F4xx_HAL_Driver/Src/stm32f4xx_hal_pcd.o
 .ARM.attributes
                0x0000021e       0x39 Drivers/STM32F4xx_HAL_Driver/Src/stm32f4xx_hal_pcd_ex.o
 .ARM.attributes
                0x00000257       0x39 Drivers/STM32F4xx_HAL_Driver/Src/stm32f4xx_hal_rcc.o
 .ARM.attributes
                0x00000290       0x39 Drivers/STM32F4xx_HAL_Driver/Src/stm32f4xx_hal_rcc_ex.o
 .ARM.attributes
                0x000002c9       0x39 Drivers/STM32F4xx_HAL_Driver/Src/stm32f4xx_hal_spi.o
 .ARM.attributes
                0x00000302       0x39 Drivers/STM32F4xx_HAL_Driver/Src/stm32f4xx_ll_usb.o
 .ARM.attributes
                0x0000033b       0x39 Middlewares/ST/STM32_USB_Device_Library/Class/CDC/Src/usbd_cdc.o
 .ARM.attributes
                0x00000374       0x39 Middlewares/ST/STM32_USB_Device_Library/Core/Src/usbd_core.o
 .ARM.attributes
                0x000003ad       0x39 Middlewares/ST/STM32_USB_Device_Library/Core/Src/usbd_ctlreq.o
 .ARM.attributes
                0x000003e6       0x39 Middlewares/ST/STM32_USB_Device_Library/Core/Src/usbd_ioreq.o
 .ARM.attributes
                0x0000041f       0x39 Src/adc.o
 .ARM.attributes
                0x00000458       0x39 Src/dwt_stm32_delay.o
 .ARM.attributes
                0x00000491       0x39 Src/gainBlock.o
 .ARM.attributes
                0x000004ca       0x39 Src/gpio.o
 .ARM.attributes
                0x00000503       0x39 Src/i2c.o
 .ARM.attributes
                0x0000053c       0x39 Src/i2s.o
 .ARM.attributes
                0x00000575       0x39 Src/main.o
 .ARM.attributes
                0x000005ae       0x39 Src/max2871.o
 .ARM.attributes
                0x000005e7       0x39 Src/max2871_registers.o
 .ARM.attributes
                0x00000620       0x39 Src/pe43771.o
 .ARM.attributes
                0x00000659       0x39 Src/spi.o
 .ARM.attributes
                0x00000692       0x39 Src/stm32f4xx_hal_msp.o
 .ARM.attributes
                0x000006cb       0x39 Src/stm32f4xx_it.o
 .ARM.attributes
                0x00000704       0x39 Src/system_stm32f4xx.o
 .ARM.attributes
                0x0000073d       0x39 Src/usb_device.o
 .ARM.attributes
                0x00000776       0x39 Src/usbd_cdc_if.o
 .ARM.attributes
                0x000007af       0x39 Src/usbd_conf.o
 .ARM.attributes
                0x000007e8       0x39 Src/usbd_desc.o